Component: ARM Compiler 5.06 update 4 (build 422) Tool: armlink [4d35d2]

==============================================================================

Section Cross References

    exp000.o(i.I2C0_ReadByte) refers to i2c.o(i.I2CMasterBusy) for I2CMasterBusy
    exp000.o(i.I2C0_ReadByte) refers to i2c.o(i.I2CMasterSlaveAddrSet) for I2CMasterSlaveAddrSet
    exp000.o(i.I2C0_ReadByte) refers to i2c.o(i.I2CMasterDataPut) for I2CMasterDataPut
    exp000.o(i.I2C0_ReadByte) refers to i2c.o(i.I2CMasterControl) for I2CMasterControl
    exp000.o(i.I2C0_ReadByte) refers to i2c.o(i.I2CMasterBusBusy) for I2CMasterBusBusy
    exp000.o(i.I2C0_ReadByte) refers to i2c.o(i.I2CMasterErr) for I2CMasterErr
    exp000.o(i.I2C0_ReadByte) refers to exp000.o(i.Delay) for Delay
    exp000.o(i.I2C0_ReadByte) refers to i2c.o(i.I2CMasterDataGet) for I2CMasterDataGet
    exp000.o(i.I2C0_WriteByte) refers to i2c.o(i.I2CMasterBusy) for I2CMasterBusy
    exp000.o(i.I2C0_WriteByte) refers to i2c.o(i.I2CMasterSlaveAddrSet) for I2CMasterSlaveAddrSet
    exp000.o(i.I2C0_WriteByte) refers to i2c.o(i.I2CMasterDataPut) for I2CMasterDataPut
    exp000.o(i.I2C0_WriteByte) refers to i2c.o(i.I2CMasterControl) for I2CMasterControl
    exp000.o(i.I2C0_WriteByte) refers to i2c.o(i.I2CMasterErr) for I2CMasterErr
    exp000.o(i.S800_CLOCK_Init) refers to sysctl.o(i.SysCtlClockFreqSet) for SysCtlClockFreqSet
    exp000.o(i.S800_CLOCK_Init) refers to exp000.o(.data) for ui32SysClock
    exp000.o(i.S800_GPIO_Init) refers to sysctl.o(i.SysCtlPeripheralEnable) for SysCtlPeripheralEnable
    exp000.o(i.S800_GPIO_Init) refers to sysctl.o(i.SysCtlPeripheralReady) for SysCtlPeripheralReady
    exp000.o(i.S800_GPIO_Init) refers to gpio.o(i.GPIOPinTypeGPIOOutput) for GPIOPinTypeGPIOOutput
    exp000.o(i.S800_GPIO_Init) refers to gpio.o(i.GPIOPinTypeGPIOInput) for GPIOPinTypeGPIOInput
    exp000.o(i.S800_GPIO_Init) refers to gpio.o(i.GPIOPinConfigure) for GPIOPinConfigure
    exp000.o(i.S800_GPIO_Init) refers to gpio.o(i.GPIOPinTypePWM) for GPIOPinTypePWM
    exp000.o(i.S800_GPIO_Init) refers to gpio.o(i.GPIOPadConfigSet) for GPIOPadConfigSet
    exp000.o(i.S800_I2C0_Init) refers to sysctl.o(i.SysCtlPeripheralEnable) for SysCtlPeripheralEnable
    exp000.o(i.S800_I2C0_Init) refers to gpio.o(i.GPIOPinConfigure) for GPIOPinConfigure
    exp000.o(i.S800_I2C0_Init) refers to gpio.o(i.GPIOPinTypeI2CSCL) for GPIOPinTypeI2CSCL
    exp000.o(i.S800_I2C0_Init) refers to gpio.o(i.GPIOPinTypeI2C) for GPIOPinTypeI2C
    exp000.o(i.S800_I2C0_Init) refers to i2c.o(i.I2CMasterInitExpClk) for I2CMasterInitExpClk
    exp000.o(i.S800_I2C0_Init) refers to i2c.o(i.I2CMasterEnable) for I2CMasterEnable
    exp000.o(i.S800_I2C0_Init) refers to exp000.o(i.I2C0_WriteByte) for I2C0_WriteByte
    exp000.o(i.S800_I2C0_Init) refers to exp000.o(.data) for ui32SysClock
    exp000.o(i.S800_PWM_Init) refers to sysctl.o(i.SysCtlPeripheralEnable) for SysCtlPeripheralEnable
    exp000.o(i.S800_PWM_Init) refers to sysctl.o(i.SysCtlPeripheralReady) for SysCtlPeripheralReady
    exp000.o(i.S800_PWM_Init) refers to pwm.o(i.PWMClockSet) for PWMClockSet
    exp000.o(i.S800_PWM_Init) refers to pwm.o(i.PWMGenConfigure) for PWMGenConfigure
    exp000.o(i.S800_PWM_Init) refers to pwm.o(i.PWMGenPeriodSet) for PWMGenPeriodSet
    exp000.o(i.S800_PWM_Init) refers to pwm.o(i.PWMPulseWidthSet) for PWMPulseWidthSet
    exp000.o(i.S800_PWM_Init) refers to pwm.o(i.PWMOutputState) for PWMOutputState
    exp000.o(i.S800_PWM_Init) refers to pwm.o(i.PWMGenEnable) for PWMGenEnable
    exp000.o(i.S800_SysTick_Init) refers to systick.o(i.SysTickPeriodSet) for SysTickPeriodSet
    exp000.o(i.S800_SysTick_Init) refers to systick.o(i.SysTickEnable) for SysTickEnable
    exp000.o(i.S800_SysTick_Init) refers to systick.o(i.SysTickIntEnable) for SysTickIntEnable
    exp000.o(i.S800_SysTick_Init) refers to exp000.o(.data) for ui32SysClock
    exp000.o(i.S800_UART_Init) refers to sysctl.o(i.SysCtlPeripheralEnable) for SysCtlPeripheralEnable
    exp000.o(i.S800_UART_Init) refers to sysctl.o(i.SysCtlPeripheralReady) for SysCtlPeripheralReady
    exp000.o(i.S800_UART_Init) refers to gpio.o(i.GPIOPinConfigure) for GPIOPinConfigure
    exp000.o(i.S800_UART_Init) refers to gpio.o(i.GPIOPinTypeUART) for GPIOPinTypeUART
    exp000.o(i.S800_UART_Init) refers to uart.o(i.UARTConfigSetExpClk) for UARTConfigSetExpClk
    exp000.o(i.S800_UART_Init) refers to uart.o(i.UARTFIFOLevelSet) for UARTFIFOLevelSet
    exp000.o(i.S800_UART_Init) refers to exp000.o(i.UARTStringPut) for UARTStringPut
    exp000.o(i.S800_UART_Init) refers to exp000.o(.data) for ui32SysClock
    exp000.o(i.SysTick_Handler) refers to exp000.o(.data) for systick_10ms_counter
    exp000.o(i.UART0_Handler) refers to uart.o(i.UARTIntStatus) for UARTIntStatus
    exp000.o(i.UART0_Handler) refers to uart.o(i.UARTIntClear) for UARTIntClear
    exp000.o(i.UART0_Handler) refers to uart.o(i.UARTCharGetNonBlocking) for UARTCharGetNonBlocking
[...]
    Removing gpio.o(i.GPIOPinTypeHibernateRTCCLK), (28 bytes).
    Removing gpio.o(i.GPIOPinTypeLCD), (28 bytes).
    Removing gpio.o(i.GPIOPinTypeOneWire), (28 bytes).
    Removing gpio.o(i.GPIOPinTypeQEI), (28 bytes).
    Removing gpio.o(i.GPIOPinTypeSSI), (28 bytes).
    Removing gpio.o(i.GPIOPinTypeTimer), (28 bytes).
    Removing gpio.o(i.GPIOPinTypeTrace), (28 bytes).
    Removing gpio.o(i.GPIOPinTypeUSBAnalog), (28 bytes).
    Removing gpio.o(i.GPIOPinTypeUSBDigital), (28 bytes).
    Removing gpio.o(i.GPIOPinTypeWakeHigh), (30 bytes).
    Removing gpio.o(i.GPIOPinTypeWakeLow), (30 bytes).
    Removing gpio.o(i.GPIOPinWakeStatus), (6 bytes).
    Removing gpio.o(i._GPIOIntNumberGet), (80 bytes).
    Removing i2c.o(i.I2CFIFODataGet), (16 bytes).
    Removing i2c.o(i.I2CFIFODataGetNonBlocking), (24 bytes).
    Removing i2c.o(i.I2CFIFODataPut), (16 bytes).
    Removing i2c.o(i.I2CFIFODataPutNonBlocking), (20 bytes).
    Removing i2c.o(i.I2CFIFOStatus), (6 bytes).
    Removing i2c.o(i.I2CIntRegister), (96 bytes).
    Removing i2c.o(i.I2CIntUnregister), (96 bytes).
    Removing i2c.o(i.I2CLoopbackEnable), (10 bytes).
    Removing i2c.o(i.I2CMasterBurstCountGet), (4 bytes).
    Removing i2c.o(i.I2CMasterBurstLengthSet), (4 bytes).
    Removing i2c.o(i.I2CMasterDisable), (10 bytes).
    Removing i2c.o(i.I2CMasterGlitchFilterConfigSet), (84 bytes).
    Removing i2c.o(i.I2CMasterIntClear), (8 bytes).
    Removing i2c.o(i.I2CMasterIntClearEx), (4 bytes).
    Removing i2c.o(i.I2CMasterIntDisable), (6 bytes).
    Removing i2c.o(i.I2CMasterIntDisableEx), (10 bytes).
    Removing i2c.o(i.I2CMasterIntEnable), (6 bytes).
    Removing i2c.o(i.I2CMasterIntEnableEx), (8 bytes).
    Removing i2c.o(i.I2CMasterIntStatus), (24 bytes).
    Removing i2c.o(i.I2CMasterIntStatusEx), (10 bytes).
    Removing i2c.o(i.I2CMasterLineStateGet), (4 bytes).
    Removing i2c.o(i.I2CMasterTimeoutSet), (4 bytes).
    Removing i2c.o(i.I2CRxFIFOConfigSet), (22 bytes).
    Removing i2c.o(i.I2CRxFIFOFlush), (14 bytes).
    Removing i2c.o(i.I2CSlaveACKOverride), (22 bytes).
    Removing i2c.o(i.I2CSlaveACKValueSet), (22 bytes).
    Removing i2c.o(i.I2CSlaveAddressSet), (24 bytes).
    Removing i2c.o(i.I2CSlaveDataGet), (6 bytes).
    Removing i2c.o(i.I2CSlaveDataPut), (6 bytes).
    Removing i2c.o(i.I2CSlaveDisable), (16 bytes).
    Removing i2c.o(i.I2CSlaveEnable), (16 bytes).
    Removing i2c.o(i.I2CSlaveFIFODisable), (8 bytes).
    Removing i2c.o(i.I2CSlaveFIFOEnable), (10 bytes).
    Removing i2c.o(i.I2CSlaveInit), (20 bytes).
    Removing i2c.o(i.I2CSlaveIntClear), (8 bytes).
    Removing i2c.o(i.I2CSlaveIntClearEx), (6 bytes).
    Removing i2c.o(i.I2CSlaveIntDisable), (14 bytes).
    Removing i2c.o(i.I2CSlaveIntDisableEx), (14 bytes).
    Removing i2c.o(i.I2CSlaveIntEnable), (14 bytes).
    Removing i2c.o(i.I2CSlaveIntEnableEx), (12 bytes).
    Removing i2c.o(i.I2CSlaveIntStatus), (28 bytes).
    Removing i2c.o(i.I2CSlaveIntStatusEx), (14 bytes).
    Removing i2c.o(i.I2CSlaveStatus), (6 bytes).
    Removing i2c.o(i.I2CTxFIFOConfigSet), (24 bytes).
    Removing i2c.o(i.I2CTxFIFOFlush), (14 bytes).
    Removing i2c.o(.constdata), (128 bytes).
    Removing interrupt.o(i.IntDisable), (100 bytes).
    Removing interrupt.o(i.IntIsEnabled), (96 bytes).
    Removing interrupt.o(i.IntMasterDisable), (14 bytes).
    Removing interrupt.o(i.IntPendClear), (68 bytes).
    Removing interrupt.o(i.IntPendSet), (84 bytes).
    Removing interrupt.o(i.IntPriorityGet), (28 bytes).
    Removing interrupt.o(i.IntPriorityGroupingGet), (36 bytes).
    Removing interrupt.o(i.IntPriorityGroupingSet), (28 bytes).
    Removing interrupt.o(i.IntPriorityMaskGet), (4 bytes).
    Removing interrupt.o(i.IntPriorityMaskSet), (4 bytes).
    Removing interrupt.o(i.IntPrioritySet), (40 bytes).
    Removing interrupt.o(i.IntRegister), (52 bytes).
    Removing interrupt.o(i.IntTrigger), (12 bytes).
    Removing interrupt.o(i.IntUnregister), (20 bytes).
    Removing interrupt.o(i._IntDefaultHandler), (2 bytes).
    Removing interrupt.o(vtable), (620 bytes).
    Removing pwm.o(i.PWMClockGet), (26 bytes).
    Removing pwm.o(i.PWMDeadBandDisable), (12 bytes).
    Removing pwm.o(i.PWMDeadBandEnable), (16 bytes).
    Removing pwm.o(i.PWMFaultIntClear), (8 bytes).
    Removing pwm.o(i.PWMFaultIntClearExt), (4 bytes).
    Removing pwm.o(i.PWMFaultIntRegister), (96 bytes).
    Removing pwm.o(i.PWMFaultIntUnregister), (88 bytes).
    Removing pwm.o(i.PWMGenFaultClear), (18 bytes).
    Removing pwm.o(i.PWMGenFaultConfigure), (18 bytes).
    Removing pwm.o(i.PWMGenFaultStatus), (18 bytes).
    Removing pwm.o(i.PWMGenFaultTriggerGet), (12 bytes).
    Removing pwm.o(i.PWMGenFaultTriggerSet), (12 bytes).
    Removing pwm.o(i.PWMGenIntClear), (6 bytes).
    Removing pwm.o(i.PWMGenIntRegister), (26 bytes).
    Removing pwm.o(i.PWMGenIntStatus), (12 bytes).
    Removing pwm.o(i.PWMGenIntTrigDisable), (10 bytes).
    Removing pwm.o(i.PWMGenIntTrigEnable), (10 bytes).
    Removing pwm.o(i.PWMGenIntUnregister), (22 bytes).
    Removing pwm.o(i.PWMGenPeriodGet), (18 bytes).
    Removing pwm.o(i.PWMIntDisable), (10 bytes).
    Removing pwm.o(i.PWMIntEnable), (8 bytes).
    Removing pwm.o(i.PWMIntStatus), (10 bytes).
    Removing pwm.o(i.PWMOutputFault), (16 bytes).
    Removing pwm.o(i.PWMOutputFaultLevel), (16 bytes).
    Removing pwm.o(i.PWMOutputInvert), (16 bytes).
    Removing pwm.o(i.PWMOutputUpdateMode), (62 bytes).
    Removing pwm.o(i.PWMPulseWidthGet), (32 bytes).
    Removing pwm.o(i.PWMSyncTimeBase), (4 bytes).
    Removing pwm.o(i.PWMSyncUpdate), (4 bytes).
    Removing pwm.o(i._PWMGenIntNumberGet), (224 bytes).
    Removing sysctl.o(.emb_text), (6 bytes).
    Removing sysctl.o(i.SysCtlAltClkConfig), (12 bytes).
    Removing sysctl.o(i.SysCtlClockGet), (340 bytes).
    Removing sysctl.o(i.SysCtlClockOutConfig), (20 bytes).
    Removing sysctl.o(i.SysCtlClockSet), (288 bytes).
    Removing sysctl.o(i.SysCtlDeepSleep), (32 bytes).
    Removing sysctl.o(i.SysCtlDeepSleepClockConfigSet), (112 bytes).
    Removing sysctl.o(i.SysCtlDeepSleepClockSet), (12 bytes).
    Removing sysctl.o(i.SysCtlDeepSleepPowerSet), (12 bytes).
    Removing sysctl.o(i.SysCtlFlashSectorSizeGet), (56 bytes).
    Removing sysctl.o(i.SysCtlFlashSizeGet), (56 bytes).
    Removing sysctl.o(i.SysCtlGPIOAHBDisable), (28 bytes).
    Removing sysctl.o(i.SysCtlGPIOAHBEnable), (24 bytes).
    Removing sysctl.o(i.SysCtlIntClear), (12 bytes).
    Removing sysctl.o(i.SysCtlIntDisable), (16 bytes).
    Removing sysctl.o(i.SysCtlIntEnable), (16 bytes).
    Removing sysctl.o(i.SysCtlIntRegister), (20 bytes).
    Removing sysctl.o(i.SysCtlIntStatus), (16 bytes).
    Removing sysctl.o(i.SysCtlIntUnregister), (18 bytes).
    Removing sysctl.o(i.SysCtlLDODeepSleepGet), (12 bytes).
    Removing sysctl.o(i.SysCtlLDODeepSleepSet), (12 bytes).
    Removing sysctl.o(i.SysCtlLDOSleepGet), (12 bytes).
    Removing sysctl.o(i.SysCtlLDOSleepSet), (12 bytes).
    Removing sysctl.o(i.SysCtlMOSCConfigSet), (12 bytes).
    Removing sysctl.o(i.SysCtlNMIClear), (16 bytes).
    Removing sysctl.o(i.SysCtlNMIStatus), (12 bytes).
    Removing sysctl.o(i.SysCtlPIOSCCalibrate), (76 bytes).
    Removing sysctl.o(i.SysCtlPWMClockGet), (24 bytes).
    Removing sysctl.o(i.SysCtlPWMClockSet), (20 bytes).
    Removing sysctl.o(i.SysCtlPeripheralClockGating), (68 bytes).
    Removing sysctl.o(i.SysCtlPeripheralDeepSleepDisable), (40 bytes).
    Removing sysctl.o(i.SysCtlPeripheralDeepSleepEnable), (40 bytes).
    Removing sysctl.o(i.SysCtlPeripheralDisable), (40 bytes).
    Removing sysctl.o(i.SysCtlPeripheralPowerOff), (40 bytes).
    Removing sysctl.o(i.SysCtlPeripheralPowerOn), (40 bytes).
    Removing sysctl.o(i.SysCtlPeripheralPresent), (44 bytes).
    Removing sysctl.o(i.SysCtlPeripheralReset), (60 bytes).
    Removing sysctl.o(i.SysCtlPeripheralSleepDisable), (40 bytes).
    Removing sysctl.o(i.SysCtlPeripheralSleepEnable), (40 bytes).
    Removing sysctl.o(i.SysCtlReset), (16 bytes).
    Removing sysctl.o(i.SysCtlResetBehaviorGet), (12 bytes).
    Removing sysctl.o(i.SysCtlResetBehaviorSet), (12 bytes).
    Removing sysctl.o(i.SysCtlResetCauseClear), (16 bytes).
    Removing sysctl.o(i.SysCtlResetCauseGet), (12 bytes).
    Removing sysctl.o(i.SysCtlSRAMSizeGet), (16 bytes).
    Removing sysctl.o(i.SysCtlSleep), (4 bytes).
    Removing sysctl.o(i.SysCtlSleepPowerSet), (12 bytes).
    Removing sysctl.o(i.SysCtlUSBPLLDisable), (16 bytes).
    Removing sysctl.o(i.SysCtlUSBPLLEnable), (16 bytes).
    Removing sysctl.o(i.SysCtlVCOGet), (120 bytes).
    Removing sysctl.o(i.SysCtlVoltageEventClear), (16 bytes).
    Removing sysctl.o(i.SysCtlVoltageEventConfig), (12 bytes).
    Removing sysctl.o(i.SysCtlVoltageEventStatus), (12 bytes).
    Removing systick.o(i.SysTickDisable), (14 bytes).
    Removing systick.o(i.SysTickIntDisable), (14 bytes).
    Removing systick.o(i.SysTickIntRegister), (24 bytes).
    Removing systick.o(i.SysTickIntUnregister), (18 bytes).
    Removing systick.o(i.SysTickPeriodGet), (10 bytes).
    Removing systick.o(i.SysTickValueGet), (8 bytes).
    Removing uart.o(i.UART9BitAddrSend), (38 bytes).
    Removing uart.o(i.UART9BitAddrSet), (10 bytes).
    Removing uart.o(i.UART9BitDisable), (14 bytes).
    Removing uart.o(i.UART9BitEnable), (14 bytes).
    Removing uart.o(i.UARTBreakCtl), (18 bytes).
    Removing uart.o(i.UARTBusy), (8 bytes).
    Removing uart.o(i.UARTCharGet), (12 bytes).
    Removing uart.o(i.UARTCharPutNonBlocking), (16 bytes).
    Removing uart.o(i.UARTClockSourceGet), (6 bytes).
    Removing uart.o(i.UARTClockSourceSet), (6 bytes).
    Removing uart.o(i.UARTConfigGetExpClk), (46 bytes).
    Removing uart.o(i.UARTDMADisable), (10 bytes).
    Removing uart.o(i.UARTDMAEnable), (8 bytes).
    Removing uart.o(i.UARTDisable), (30 bytes).
    Removing uart.o(i.UARTDisableSIR), (10 bytes).
    Removing uart.o(i.UARTEnable), (20 bytes).
    Removing uart.o(i.UARTEnableSIR), (18 bytes).
    Removing uart.o(i.UARTFIFODisable), (10 bytes).
    Removing uart.o(i.UARTFIFOEnable), (10 bytes).
    Removing uart.o(i.UARTFIFOLevelGet), (16 bytes).
    Removing uart.o(i.UARTFlowControlGet), (8 bytes).
    Removing uart.o(i.UARTFlowControlSet), (12 bytes).
    Removing uart.o(i.UARTIntDisable), (10 bytes).
    Removing uart.o(i.UARTIntRegister), (88 bytes).
    Removing uart.o(i.UARTIntUnregister), (88 bytes).
    Removing uart.o(i.UARTLoopbackEnable), (10 bytes).
    Removing uart.o(i.UARTModemControlClear), (14 bytes).
    Removing uart.o(i.UARTModemControlGet), (8 bytes).
    Removing uart.o(i.UARTModemControlSet), (12 bytes).
    Removing uart.o(i.UARTModemStatusGet), (10 bytes).
    Removing uart.o(i.UARTParityModeGet), (8 bytes).
    Removing uart.o(i.UARTParityModeSet), (12 bytes).
    Removing uart.o(i.UARTRxErrorClear), (6 bytes).
    Removing uart.o(i.UARTRxErrorGet), (8 bytes).
    Removing uart.o(i.UARTSmartCardDisable), (10 bytes).
    Removing uart.o(i.UARTSmartCardEnable), (22 bytes).
    Removing uart.o(i.UARTSpaceAvail), (10 bytes).
    Removing uart.o(i.UARTTxIntModeGet), (8 bytes).
    Removing uart.o(i.UARTTxIntModeSet), (12 bytes).
    Removing uart.o(.constdata), (128 bytes).

233 unused section(s) (total 7188 bytes) removed from the image.

==============================================================================

Image Symbol Table

    Local Symbols

    Symbol Name                              Value     Ov Type        Size  Object(Section)

    RESET                                    0x00000000   Section      512  startup_tm4c129.o(RESET)
    ../clib/angel/boardlib.s                 0x00000000   Number         0  boardshut.o ABSOLUTE
    ../clib/angel/boardlib.s                 0x00000000   Number         0  boardinit2.o ABSOLUTE
    ../clib/angel/boardlib.s                 0x00000000   Number         0  boardinit1.o ABSOLUTE
    ../clib/angel/boardlib.s                 0x00000000   Number         0  boardinit3.o ABSOLUTE
    ../clib/angel/dczerorl2.s                0x00000000   Number         0  __dczerorl2.o ABSOLUTE
    ../clib/angel/handlers.s                 0x00000000   Number         0  __scatter_zi.o ABSOLUTE
    ../clib/angel/kernel.s                   0x00000000   Number         0  __rtentry.o ABSOLUTE
    ../clib/angel/kernel.s                   0x00000000   Number         0  __rtentry2.o ABSOLUTE
    ../clib/angel/kernel.s                   0x00000000   Number         0  __rtentry4.o ABSOLUTE
    ../clib/angel/kernel.s                   0x00000000   Number         0  rtexit2.o ABSOLUTE
    ../clib/angel/kernel.s                   0x00000000   Number         0  rtexit.o ABSOLUTE
    ../clib/angel/rt.s                       0x00000000   Number         0  aeabi_ldiv0.o ABSOLUTE
    ../clib/angel/rt.s                       0x00000000   Number         0  aeabi_ldiv0_sigfpe.o ABSOLUTE
    ../clib/angel/rt.s                       0x00000000   Number         0  rt_div0.o ABSOLUTE
    ../clib/angel/rt.s                       0x00000000   Number         0  rt_raise.o ABSOLUTE
    ../clib/angel/scatter.s                  0x00000000   Number         0  __scatter.o ABSOLUTE
    ../clib/angel/startup.s                  0x00000000   Number         0  __main.o ABSOLUTE
    ../clib/angel/sys.s                      0x00000000   Number         0  indicate_semi.o ABSOLUTE
    ../clib/angel/sys.s                      0x00000000   Number         0  use_no_semi.o ABSOLUTE
    ../clib/angel/sys.s                      0x00000000   Number         0  libspace.o ABSOLUTE
    ../clib/angel/sys.s                      0x00000000   Number         0  sys_stackheap_outer.o ABSOLUTE
    ../clib/angel/sysapp.c                   0x00000000   Number         0  sys_command.o ABSOLUTE
    ../clib/angel/sysapp.c                   0x00000000   Number         0  sys_wrch.o ABSOLUTE
    ../clib/angel/sysapp.c                   0x00000000   Number         0  sys_exit.o ABSOLUTE
    ../clib/armsys.c                         0x00000000   Number         0  argv_veneer.o ABSOLUTE
    ../clib/armsys.c                         0x00000000   Number         0  _get_argv_nomalloc.o ABSOLUTE
    ../clib/armsys.c                         0x00000000   Number         0  argv_veneer.o ABSOLUTE
    ../clib/armsys.c                         0x00000000   Number         0  no_argv.o ABSOLUTE
    ../clib/heapalloc.c                      0x00000000   Number         0  hrguard.o ABSOLUTE
    ../clib/heapaux.c                        0x00000000   Number         0  heapauxi.o ABSOLUTE
    ../clib/libinit.s                        0x00000000   Number         0  libinit2.o ABSOLUTE
    ../clib/libinit.s                        0x00000000   Number         0  libshutdown.o ABSOLUTE
    ../clib/libinit.s                        0x00000000   Number         0  libinit.o ABSOLUTE
    ../clib/libinit.s                        0x00000000   Number         0  libshutdown2.o ABSOLUTE
    ../clib/longlong.s                       0x00000000   Number         0  lludivv7m.o ABSOLUTE
    ../clib/memcpset.s                       0x00000000   Number         0  rt_memclr_w.o ABSOLUTE
    ../clib/signal.c                         0x00000000   Number         0  defsig_exit.o ABSOLUTE
    ../clib/signal.c                         0x00000000   Number         0  defsig_fpe_formal.o ABSOLUTE
    ../clib/signal.c                         0x00000000   Number         0  defsig_fpe_outer.o ABSOLUTE
    ../clib/signal.c                         0x00000000   Number         0  defsig_fpe_inner.o ABSOLUTE
    ../clib/signal.c                         0x00000000   Number         0  __raise.o ABSOLUTE
    ../clib/signal.c                         0x00000000   Number         0  defsig_general.o ABSOLUTE
    ../clib/signal.c                         0x00000000   Number         0  defsig_abrt_inner.o ABSOLUTE
    ../clib/signal.c                         0x00000000   Number         0  defsig_rtred_inner.o ABSOLUTE
    ../clib/signal.c                         0x00000000   Number         0  defsig_rtmem_inner.o ABSOLUTE
    ../clib/signal.c                         0x00000000   Number         0  defsig_rtmem_outer.o ABSOLUTE
    ../clib/signal.c                         0x00000000   Number         0  defsig_rtmem_formal.o ABSOLUTE
    ../clib/signal.c                         0x00000000   Number         0  defsig_other.o ABSOLUTE
    ../clib/signal.c                         0x00000000   Number         0  defsig_segv_inner.o ABSOLUTE
    ../clib/signal.c                         0x00000000   Number         0  defsig_cppl_inner.o ABSOLUTE
    ../clib/signal.c                         0x00000000   Number         0  defsig_pvfn_inner.o ABSOLUTE
    ../clib/signal.c                         0x00000000   Number         0  defsig_stak_inner.o ABSOLUTE
    ../clib/signal.s                         0x00000000   Number         0  defsig.o ABSOLUTE
    ../clib/stdlib.c                         0x00000000   Number         0  exit.o ABSOLUTE
    ../fplib/fpinit.s                        0x00000000   Number         0  fpinit.o ABSOLUTE
    RTE\Device\TM4C1294NCPDT\startup_TM4C129.s 0x00000000   Number         0  startup_tm4c129.o ABSOLUTE
    RTE\Device\TM4C1294NCPDT\system_TM4C129.c 0x00000000   Number         0  system_tm4c129.o ABSOLUTE
    RTE\\Device\\TM4C1294NCPDT\\system_TM4C129.c 0x00000000   Number         0  system_tm4c129.o ABSOLUTE
    cpu.c                                    0x00000000   Number         0  cpu.o ABSOLUTE
    cpu.c                                    0x00000000   Number         0  cpu.o ABSOLUTE
    dc.s                                     0x00000000   Number         0  dc.o ABSOLUTE
    exp000.c                                 0x00000000   Number         0  exp000.o ABSOLUTE
    gpio.c                                   0x00000000   Number         0  gpio.o ABSOLUTE
    i2c.c                                    0x00000000   Number         0  i2c.o ABSOLUTE
    interrupt.c                              0x00000000   Number         0  interrupt.o ABSOLUTE
    pwm.c                                    0x00000000   Number         0  pwm.o ABSOLUTE
    sysctl.c                                 0x00000000   Number         0  sysctl.o ABSOLUTE
    sysctl.c                                 0x00000000   Number         0  sysctl.o ABSOLUTE
    systick.c                                0x00000000   Number         0  systick.o ABSOLUTE
    uart.c                                   0x00000000   Number         0  uart.o ABSOLUTE
    !!!main                                  0x00000200   Section        8  __main.o(!!!main)
    !!!scatter                               0x00000208   Section       52  __scatter.o(!!!scatter)
    !!dczerorl2                              0x0000023c   Section       90  __dczerorl2.o(!!dczerorl2)
    !!handler_zi                             0x00000298   Section       28  __scatter_zi.o(!!handler_zi)
    .ARM.Collect$$libinit$$00000000          0x000002b4   Section        2  libinit.o(.ARM.Collect$$libinit$$00000000)
    .ARM.Collect$$libinit$$00000001          0x000002b6   Section        4  libinit2.o(.ARM.Collect$$libinit$$00000001)
    .ARM.Collect$$libinit$$00000004          0x000002ba   Section        0  libinit2.o(.ARM.Collect$$libinit$$00000004)
    .ARM.Collect$$libinit$$0000000A          0x000002ba   Section        0  libinit2.o(.ARM.Collect$$libinit$$0000000A)
    .ARM.Collect$$libinit$$0000000C          0x000002ba   Section        0  libinit2.o(.ARM.Collect$$libinit$$0000000C)
    .ARM.Collect$$libinit$$0000000E          0x000002ba   Section        0  libinit2.o(.ARM.Collect$$libinit$$0000000E)
    .ARM.Collect$$libinit$$00000011          0x000002ba   Section        0  libinit2.o(.ARM.Collect$$libinit$$00000011)
    .ARM.Collect$$libinit$$00000013          0x000002ba   Section        0  libinit2.o(.ARM.Collect$$libinit$$00000013)
    .ARM.Collect$$libinit$$00000015          0x000002ba   Section        0  libinit2.o(.ARM.Collect$$libinit$$00000015)
    .ARM.Collect$$libinit$$00000017          0x000002ba   Section        0  libinit2.o(.ARM.Collect$$libinit$$00000017)
    .ARM.Collect$$libinit$$00000019          0x000002ba   Section        0  libinit2.o(.ARM.Collect$$libinit$$00000019)
    .ARM.Collect$$libinit$$0000001B          0x000002ba   Section        0  libinit2.o(.ARM.Collect$$libinit$$0000001B)
    .ARM.Collect$$libinit$$0000001D          0x000002ba   Section        0  libinit2.o(.ARM.Collect$$libinit$$0000001D)
    .ARM.Collect$$libinit$$0000001F          0x000002ba   Section        0  libinit2.o(.ARM.Collect$$libinit$$0000001F)
    .ARM.Collect$$libinit$$00000021          0x000002ba   Section        0  libinit2.o(.ARM.Collect$$libinit$$00000021)
    .ARM.Collect$$libinit$$00000023          0x000002ba   Section        0  libinit2.o(.ARM.Collect$$libinit$$00000023)
    .ARM.Collect$$libinit$$00000025          0x000002ba   Section        0  libinit2.o(.ARM.Collect$$libinit$$00000025)
    .ARM.Collect$$libinit$$0000002C          0x000002ba   Section        0  libinit2.o(.ARM.Collect$$libinit$$0000002C)
    .ARM.Collect$$libinit$$0000002E          0x000002ba   Section        0  libinit2.o(.ARM.Collect$$libinit$$0000002E)
    .ARM.Collect$$libinit$$00000030          0x000002ba   Section        0  libinit2.o(.ARM.Collect$$libinit$$00000030)
    .ARM.Collect$$libinit$$00000032          0x000002ba   Section        0  libinit2.o(.ARM.Collect$$libinit$$00000032)
    .ARM.Collect$$libinit$$00000033          0x000002ba   Section        2  libinit2.o(.ARM.Collect$$libinit$$00000033)
    .ARM.Collect$$libshutdown$$00000000      0x000002bc   Section        2  libshutdown.o(.ARM.Collect$$libshutdown$$00000000)
    .ARM.Collect$$libshutdown$$00000002      0x000002be   Section        0  libshutdown2.o(.ARM.Collect$$libshutdown$$00000002)
    .ARM.Collect$$libshutdown$$00000004      0x000002be   Section        0  libshutdown2.o(.ARM.Collect$$libshutdown$$00000004)
    .ARM.Collect$$libshutdown$$00000007      0x000002be   Section        0  libshutdown2.o(.ARM.Collect$$libshutdown$$00000007)
    .ARM.Collect$$libshutdown$$0000000A      0x000002be   Section        0  libshutdown2.o(.ARM.Collect$$libshutdown$$0000000A)
    .ARM.Collect$$libshutdown$$0000000C      0x000002be   Section        0  libshutdown2.o(.ARM.Collect$$libshutdown$$0000000C)
    .ARM.Collect$$libshutdown$$0000000F      0x000002be   Section        0  libshutdown2.o(.ARM.Collect$$libshutdown$$0000000F)
    .ARM.Collect$$libshutdown$$00000010      0x000002be   Section        2  libshutdown2.o(.ARM.Collect$$libshutdown$$00000010)
    .ARM.Collect$$rtentry$$00000000          0x000002c0   Section        0  __rtentry.o(.ARM.Collect$$rtentry$$00000000)
    .ARM.Collect$$rtentry$$00000002          0x000002c0   Section        0  __rtentry2.o(.ARM.Collect$$rtentry$$00000002)
    .ARM.Collect$$rtentry$$00000004          0x000002c0   Section        6  __rtentry4.o(.ARM.Collect$$rtentry$$00000004)
    .ARM.Collect$$rtentry$$00000009          0x000002c6   Section        0  __rtentry2.o(.ARM.Collect$$rtentry$$00000009)
    .ARM.Collect$$rtentry$$0000000A          0x000002c6   Section        4  __rtentry2.o(.ARM.Collect$$rtentry$$0000000A)
    .ARM.Collect$$rtentry$$0000000C          0x000002ca   Section        0  __rtentry2.o(.ARM.Collect$$rtentry$$0000000C)
    .ARM.Collect$$rtentry$$0000000D          0x000002ca   Section        8  __rtentry2.o(.ARM.Collect$$rtentry$$0000000D)
    .ARM.Collect$$rtexit$$00000000           0x000002d2   Section        2  rtexit.o(.ARM.Collect$$rtexit$$00000000)
    .ARM.Collect$$rtexit$$00000002           0x000002d4   Section        0  rtexit2.o(.ARM.Collect$$rtexit$$00000002)
    .ARM.Collect$$rtexit$$00000003           0x000002d4   Section        4  rtexit2.o(.ARM.Collect$$rtexit$$00000003)
    .ARM.Collect$$rtexit$$00000004           0x000002d8   Section        6  rtexit2.o(.ARM.Collect$$rtexit$$00000004)
    .emb_text                                0x000002e0   Section       38  cpu.o(.emb_text)
    $v0                                      0x000002e0   Number         0  cpu.o(.emb_text)
    .text                                    0x00000308   Section      300  startup_tm4c129.o(.text)
    $v0                                      0x00000308   Number         0  startup_tm4c129.o(.text)
    .text                                    0x00000434   Section      238  lludivv7m.o(.text)
    .text                                    0x00000522   Section       78  rt_memclr_w.o(.text)
    .text                                    0x00000570   Section        0  heapauxi.o(.text)
    .text                                    0x00000576   Section       74  sys_stackheap_outer.o(.text)
    .text                                    0x000005c0   Section        0  exit.o(.text)
    .text                                    0x000005d4   Section        8  libspace.o(.text)
    .text                                    0x000005dc   Section        0  sys_exit.o(.text)
    .text                                    0x000005e8   Section        2  use_no_semi.o(.text)
    .text                                    0x000005ea   Section        0  indicate_semi.o(.text)
    i.Delay                                  0x000005ea   Section        0  exp000.o(i.Delay)
    i.GPIODirModeSet                         0x000005f6   Section        0  gpio.o(i.GPIODirModeSet)
    i.GPIOPadConfigSet                       0x0000061e   Section        0  gpio.o(i.GPIOPadConfigSet)
    i.GPIOPinConfigure                       0x00000758   Section        0  gpio.o(i.GPIOPinConfigure)
    i.GPIOPinRead                            0x0000079c   Section        0  gpio.o(i.GPIOPinRead)
    i.GPIOPinTypeGPIOInput                   0x000007a2   Section        0  gpio.o(i.GPIOPinTypeGPIOInput)
    i.GPIOPinTypeGPIOOutput                  0x000007be   Section        0  gpio.o(i.GPIOPinTypeGPIOOutput)
    i.GPIOPinTypeI2C                         0x000007da   Section        0  gpio.o(i.GPIOPinTypeI2C)
    i.GPIOPinTypeI2CSCL                      0x000007f6   Section        0  gpio.o(i.GPIOPinTypeI2CSCL)
    i.GPIOPinTypePWM                         0x00000812   Section        0  gpio.o(i.GPIOPinTypePWM)
    i.GPIOPinTypeUART                        0x0000082e   Section        0  gpio.o(i.GPIOPinTypeUART)
    i.GPIOPinWrite                           0x0000084a   Section        0  gpio.o(i.GPIOPinWrite)
    i.I2C0_ReadByte                          0x00000850   Section        0  exp000.o(i.I2C0_ReadByte)
    i.I2C0_WriteByte                         0x000008d0   Section        0  exp000.o(i.I2C0_WriteByte)
    i.I2CMasterBusBusy                       0x00000944   Section        0  i2c.o(i.I2CMasterBusBusy)
    i.I2CMasterBusy                          0x00000950   Section        0  i2c.o(i.I2CMasterBusy)
    i.I2CMasterControl                       0x0000095c   Section        0  i2c.o(i.I2CMasterControl)
    i.I2CMasterDataGet                       0x00000960   Section        0  i2c.o(i.I2CMasterDataGet)
    i.I2CMasterDataPut                       0x00000964   Section        0  i2c.o(i.I2CMasterDataPut)
    i.I2CMasterEnable                        0x00000968   Section        0  i2c.o(i.I2CMasterEnable)
    i.I2CMasterErr                           0x00000972   Section        0  i2c.o(i.I2CMasterErr)
    i.I2CMasterInitExpClk                    0x0000098c   Section        0  i2c.o(i.I2CMasterInitExpClk)
    i.I2CMasterSlaveAddrSet                  0x000009e0   Section        0  i2c.o(i.I2CMasterSlaveAddrSet)
    i.IntEnable                              0x000009e8   Section        0  interrupt.o(i.IntEnable)
    i.IntMasterEnable                        0x00000a4c   Section        0  interrupt.o(i.IntMasterEnable)
    i.PWMClockSet                            0x00000a5a   Section        0  pwm.o(i.PWMClockSet)
    i.PWMGenConfigure                        0x00000a6e   Section        0  pwm.o(i.PWMGenConfigure)
    i.PWMGenDisable                          0x00000a94   Section        0  pwm.o(i.PWMGenDisable)
    i.PWMGenEnable                           0x00000a9e   Section        0  pwm.o(i.PWMGenEnable)
    i.PWMGenPeriodSet                        0x00000aa8   Section        0  pwm.o(i.PWMGenPeriodSet)
    i.PWMOutputState                         0x00000aba   Section        0  pwm.o(i.PWMOutputState)
    i.PWMPulseWidthSet                       0x00000aca   Section        0  pwm.o(i.PWMPulseWidthSet)
    i.S800_CLOCK_Init                        0x00000aec   Section        0  exp000.o(i.S800_CLOCK_Init)
    i.S800_GPIO_Init                         0x00000b08   Section        0  exp000.o(i.S800_GPIO_Init)
    i.S800_I2C0_Init                         0x00000bc0   Section        0  exp000.o(i.S800_I2C0_Init)
    i.S800_PWM_Init                          0x00000c58   Section        0  exp000.o(i.S800_PWM_Init)
    i.S800_SysTick_Init                      0x00000cc0   Section        0  exp000.o(i.S800_SysTick_Init)
    i.S800_UART_Init                         0x00000ce4   Section        0  exp000.o(i.S800_UART_Init)
    i.SysCtlClockFreqSet                     0x00000d54   Section        0  sysctl.o(i.SysCtlClockFreqSet)
    i.SysCtlPeripheralEnable                 0x00001040   Section        0  sysctl.o(i.SysCtlPeripheralEnable)
    i.SysCtlPeripheralReady                  0x00001068   Section        0  sysctl.o(i.SysCtlPeripheralReady)
    i.SysTickEnable                          0x00001094   Section        0  systick.o(i.SysTickEnable)
    i.SysTickIntEnable                       0x000010a2   Section        0  systick.o(i.SysTickIntEnable)
    i.SysTickPeriodSet                       0x000010b0   Section        0  systick.o(i.SysTickPeriodSet)
    i.SysTick_Handler                        0x000010bc   Section        0  exp000.o(i.SysTick_Handler)
    i.SystemInit                             0x00001214   Section        0  system_tm4c129.o(i.SystemInit)
    i.UART0_Handler                          0x00001234   Section        0  exp000.o(i.UART0_Handler)
    i.UARTCharGetNonBlocking                 0x00001280   Section        0  uart.o(i.UARTCharGetNonBlocking)
    i.UARTCharPut                            0x00001290   Section        0  uart.o(i.UARTCharPut)
    i.UARTCharsAvail                         0x0000129c   Section        0  uart.o(i.UARTCharsAvail)
    i.UARTConfigSetExpClk                    0x000012a6   Section        0  uart.o(i.UARTConfigSetExpClk)
    i.UARTFIFOLevelSet                       0x00001314   Section        0  uart.o(i.UARTFIFOLevelSet)
    i.UARTIntClear                           0x0000131a   Section        0  uart.o(i.UARTIntClear)
    i.UARTIntEnable                          0x0000131e   Section        0  uart.o(i.UARTIntEnable)
    i.UARTIntStatus                          0x00001326   Section        0  uart.o(i.UARTIntStatus)
    i.UARTStringPut                          0x00001330   Section        0  exp000.o(i.UARTStringPut)
    i.alarmclock                             0x0000134c   Section        0  exp000.o(i.alarmclock)
    i.daojishi                               0x00001470   Section        0  exp000.o(i.daojishi)
    i.date_module                            0x00001740   Section        0  exp000.o(i.date_module)
    i.jieqi                                  0x00001874   Section        0  exp000.o(i.jieqi)
    i.main                                   0x00001908   Section        0  exp000.o(i.main)
    i.recorrect                              0x00002288   Section        0  exp000.o(i.recorrect)
    i.reset                                  0x00002300   Section        0  exp000.o(i.reset)
    i.setalarm                               0x000024a0   Section        0  exp000.o(i.setalarm)
    i.setdate                                0x0000272c   Section        0  exp000.o(i.setdate)
    i.settime                                0x00002984   Section        0  exp000.o(i.settime)
    i.showchazhi                             0x00002bf4   Section        0  exp000.o(i.showchazhi)
    i.time_module                            0x00002d80   Section        0  exp000.o(i.time_module)
    x$fpl$fpinit                             0x00002f50   Section       10  fpinit.o(x$fpl$fpinit)
    $v0                                      0x00002f50   Number         0  fpinit.o(x$fpl$fpinit)
    .constdata                               0x00002f5c   Section      552  gpio.o(.constdata)
    g_ppui32GPIOIntMapBlizzard               0x00002f5c   Data         192  gpio.o(.constdata)
    g_ppui32GPIOIntMapSnowflake              0x0000301c   Data         216  gpio.o(.constdata)
    g_pui32GPIOBaseAddrs                     0x000030f4   Data         144  gpio.o(.constdata)
    .constdata                               0x00003184   Section      268  interrupt.o(.constdata)
    g_pui32Priority                          0x00003184   Data          32  interrupt.o(.constdata)
    g_pui32Regs                              0x000031a4   Data         156  interrupt.o(.constdata)
    g_pui32EnRegs                            0x00003240   Data          20  interrupt.o(.constdata)
    g_pui32Dii16Regs                         0x00003254   Data          20  interrupt.o(.constdata)
    g_pui32PendRegs                          0x00003268   Data          20  interrupt.o(.constdata)
    g_pui32UnpendRegs                        0x0000327c   Data          20  interrupt.o(.constdata)
    .constdata                               0x00003290   Section      596  sysctl.o(.constdata)
    g_pui32VCOFrequencies                    0x00003290   Data           8  sysctl.o(.constdata)
    g_pui32Xtals                             0x00003298   Data         108  sysctl.o(.constdata)
    g_pppui32XTALtoVCO                       0x00003304   Data         432  sysctl.o(.constdata)
    g_sXTALtoMEMTIM                          0x000034b4   Data          48  sysctl.o(.constdata)
    .data                                    0x20000000   Section      375  exp000.o(.data)
    .data                                    0x20000178   Section        4  system_tm4c129.o(.data)
    .bss                                     0x2000017c   Section      600  exp000.o(.bss)
    .bss                                     0x200003d4   Section       96  libspace.o(.bss)
    HEAP                                     0x20000438   Section        0  startup_tm4c129.o(HEAP)
    STACK                                    0x20000438   Section      512  startup_tm4c129.o(STACK)
    Heap_Mem                                 0x20000438   Data           0  startup_tm4c129.o(HEAP)
    Stack_Mem                                0x20000438   Data         512  startup_tm4c129.o(STACK)
    __initial_sp                             0x20000638   Data           0  startup_tm4c129.o(STACK)

    Global Symbols

    Symbol Name                              Value     Ov Type        Size  Object(Section)

    BuildAttributes$$THM_ISAv4$E$P$D$K$B$S$7EM$VFPi3$EXTD16$VFPS$VFMA$PE$A:L22UL41UL21$X:L11$S22US41US21$IEEE1$IW$USESV6$~STKCKD$USESV7$~SHL$OTIME$ROPI$EBA8$UX$STANDARDLIB$REQ8$PRES8$EABIv2 0x00000000   Number         0  anon$$obj.o ABSOLUTE
    __ARM_use_no_argv                        0x00000000   Number         0  exp000.o ABSOLUTE
    __Vectors                                0x00000000   Data           4  startup_tm4c129.o(RESET)
    __ARM_exceptions_init                     - Undefined Weak Reference
    __alloca_initialize                       - Undefined Weak Reference
    __arm_preinit_                            - Undefined Weak Reference
    __cpp_initialize__aeabi_                  - Undefined Weak Reference
    __cxa_finalize                            - Undefined Weak Reference
    __rt_locale                               - Undefined Weak Reference
    __sigvec_lookup                           - Undefined Weak Reference
    _atexit_init                              - Undefined Weak Reference
    _call_atexit_fns                          - Undefined Weak Reference
    _clock_init                               - Undefined Weak Reference
    _fp_trap_init                             - Undefined Weak Reference
    _fp_trap_shutdown                         - Undefined Weak Reference
    _get_lc_collate                           - Undefined Weak Reference
    _get_lc_ctype                             - Undefined Weak Reference
    _get_lc_monetary                          - Undefined Weak Reference
    _get_lc_numeric                           - Undefined Weak Reference
    _get_lc_time                              - Undefined Weak Reference
    _getenv_init                              - Undefined Weak Reference
    _handle_redirection                       - Undefined Weak Reference
    _init_alloc                               - Undefined Weak Reference
    _init_user_alloc                          - Undefined Weak Reference
    _initio                                   - Undefined Weak Reference
    _rand_init                                - Undefined Weak Reference
    _signal_finish                            - Undefined Weak Reference
    _signal_init                              - Undefined Weak Reference
    _terminate_alloc                          - Undefined Weak Reference
    _terminate_user_alloc                     - Undefined Weak Reference
    _terminateio                              - Undefined Weak Reference
    __Vectors_End                            0x00000200   Data           0  startup_tm4c129.o(RESET)
    __Vectors_Size                           0x00000200   Number         0  startup_tm4c129.o ABSOLUTE
    __main                                   0x00000201   Thumb Code     8  __main.o(!!!main)
    __scatterload                            0x00000209   Thumb Code     0  __scatter.o(!!!scatter)
    __scatterload_rt2                        0x00000209   Thumb Code    44  __scatter.o(!!!scatter)
    __scatterload_rt2_thumb_only             0x00000209   Thumb Code     0  __scatter.o(!!!scatter)
    __scatterload_null                       0x00000217   Thumb Code     0  __scatter.o(!!!scatter)
    __decompress                             0x0000023d   Thumb Code    90  __dczerorl2.o(!!dczerorl2)
    __decompress1                            0x0000023d   Thumb Code     0  __dczerorl2.o(!!dczerorl2)
    __scatterload_zeroinit                   0x00000299   Thumb Code    28  __scatter_zi.o(!!handler_zi)
    __rt_lib_init                            0x000002b5   Thumb Code     0  libinit.o(.ARM.Collect$$libinit$$00000000)
    __rt_lib_init_fp_1                       0x000002b7   Thumb Code     0  libinit2.o(.ARM.Collect$$libinit$$00000001)
    __rt_lib_init_alloca_1                   0x000002bb   Thumb Code     0  libinit2.o(.ARM.Collect$$libinit$$0000002E)
    __rt_lib_init_argv_1                     0x000002bb   Thumb Code     0  libinit2.o(.ARM.Collect$$libinit$$0000002C)
    __rt_lib_init_atexit_1                   0x000002bb   Thumb Code     0  libinit2.o(.ARM.Collect$$libinit$$0000001B)
    __rt_lib_init_clock_1                    0x000002bb   Thumb Code     0  libinit2.o(.ARM.Collect$$libinit$$00000021)
    __rt_lib_init_cpp_1                      0x000002bb   Thumb Code     0  libinit2.o(.ARM.Collect$$libinit$$00000032)
    __rt_lib_init_exceptions_1               0x000002bb   Thumb Code     0  libinit2.o(.ARM.Collect$$libinit$$00000030)
    __rt_lib_init_fp_trap_1                  0x000002bb   Thumb Code     0  libinit2.o(.ARM.Collect$$libinit$$0000001F)
    __rt_lib_init_getenv_1                   0x000002bb   Thumb Code     0  libinit2.o(.ARM.Collect$$libinit$$00000023)
    __rt_lib_init_heap_1                     0x000002bb   Thumb Code     0  libinit2.o(.ARM.Collect$$libinit$$0000000A)
    __rt_lib_init_lc_collate_1               0x000002bb   Thumb Code     0  libinit2.o(.ARM.Collect$$libinit$$00000011)
    __rt_lib_init_lc_ctype_1                 0x000002bb   Thumb Code     0  libinit2.o(.ARM.Collect$$libinit$$00000013)
    __rt_lib_init_lc_monetary_1              0x000002bb   Thumb Code     0  libinit2.o(.ARM.Collect$$libinit$$00000015)
    __rt_lib_init_lc_numeric_1               0x000002bb   Thumb Code     0  libinit2.o(.ARM.Collect$$libinit$$00000017)
    __rt_lib_init_lc_time_1                  0x000002bb   Thumb Code     0  libinit2.o(.ARM.Collect$$libinit$$00000019)
    __rt_lib_init_preinit_1                  0x000002bb   Thumb Code     0  libinit2.o(.ARM.Collect$$libinit$$00000004)
    __rt_lib_init_rand_1                     0x000002bb   Thumb Code     0  libinit2.o(.ARM.Collect$$libinit$$0000000E)
    __rt_lib_init_return                     0x000002bb   Thumb Code     0  libinit2.o(.ARM.Collect$$libinit$$00000033)
    __rt_lib_init_signal_1                   0x000002bb   Thumb Code     0  libinit2.o(.ARM.Collect$$libinit$$0000001D)
    __rt_lib_init_stdio_1                    0x000002bb   Thumb Code     0  libinit2.o(.ARM.Collect$$libinit$$00000025)
    __rt_lib_init_user_alloc_1               0x000002bb   Thumb Code     0  libinit2.o(.ARM.Collect$$libinit$$0000000C)
    __rt_lib_shutdown                        0x000002bd   Thumb Code     0  libshutdown.o(.ARM.Collect$$libshutdown$$00000000)
    __rt_lib_shutdown_cpp_1                  0x000002bf   Thumb Code     0  libshutdown2.o(.ARM.Collect$$libshutdown$$00000002)
    __rt_lib_shutdown_fp_trap_1              0x000002bf   Thumb Code     0  libshutdown2.o(.ARM.Collect$$libshutdown$$00000007)
    __rt_lib_shutdown_heap_1                 0x000002bf   Thumb Code     0  libshutdown2.o(.ARM.Collect$$libshutdown$$0000000F)
    __rt_lib_shutdown_return                 0x000002bf   Thumb Code     0  libshutdown2.o(.ARM.Collect$$libshutdown$$00000010)
    __rt_lib_shutdown_signal_1               0x000002bf   Thumb Code     0  libshutdown2.o(.ARM.Collect$$libshutdown$$0000000A)
    __rt_lib_shutdown_stdio_1                0x000002bf   Thumb Code     0  libshutdown2.o(.ARM.Collect$$libshutdown$$00000004)
    __rt_lib_shutdown_user_alloc_1           0x000002bf   Thumb Code     0  libshutdown2.o(.ARM.Collect$$libshutdown$$0000000C)
    __rt_entry                               0x000002c1   Thumb Code     0  __rtentry.o(.ARM.Collect$$rtentry$$00000000)
    __rt_entry_presh_1                       0x000002c1   Thumb Code     0  __rtentry2.o(.ARM.Collect$$rtentry$$00000002)
    __rt_entry_sh                            0x000002c1   Thumb Code     0  __rtentry4.o(.ARM.Collect$$rtentry$$00000004)
    __rt_entry_li                            0x000002c7   Thumb Code     0  __rtentry2.o(.ARM.Collect$$rtentry$$0000000A)
    __rt_entry_postsh_1                      0x000002c7   Thumb Code     0  __rtentry2.o(.ARM.Collect$$rtentry$$00000009)
    __rt_entry_main                          0x000002cb   Thumb Code     0  __rtentry2.o(.ARM.Collect$$rtentry$$0000000D)
    __rt_entry_postli_1                      0x000002cb   Thumb Code     0  __rtentry2.o(.ARM.Collect$$rtentry$$0000000C)
    __rt_exit                                0x000002d3   Thumb Code     0  rtexit.o(.ARM.Collect$$rtexit$$00000000)
    __rt_exit_ls                             0x000002d5   Thumb Code     0  rtexit2.o(.ARM.Collect$$rtexit$$00000003)
    __rt_exit_prels_1                        0x000002d5   Thumb Code     0  rtexit2.o(.ARM.Collect$$rtexit$$00000002)
    __rt_exit_exit                           0x000002d9   Thumb Code     0  rtexit2.o(.ARM.Collect$$rtexit$$00000004)
    CPUcpsid                                 0x000002e1   Thumb Code     8  cpu.o(.emb_text)
    CPUprimask                               0x000002e9   Thumb Code     6  cpu.o(.emb_text)
    CPUcpsie                                 0x000002ef   Thumb Code     8  cpu.o(.emb_text)
    CPUwfi                                   0x000002f7   Thumb Code     4  cpu.o(.emb_text)
    CPUbasepriSet                            0x000002fb   Thumb Code     6  cpu.o(.emb_text)
    CPUbasepriGet                            0x00000301   Thumb Code     6  cpu.o(.emb_text)
    Reset_Handler                            0x00000309   Thumb Code     8  startup_tm4c129.o(.text)
    NMI_Handler                              0x00000311   Thumb Code     2  startup_tm4c129.o(.text)
    HardFault_Handler                        0x00000313   Thumb Code     2  startup_tm4c129.o(.text)
    MemManage_Handler                        0x00000315   Thumb Code     2  startup_tm4c129.o(.text)
    BusFault_Handler                         0x00000317   Thumb Code     2  startup_tm4c129.o(.text)
    UsageFault_Handler                       0x00000319   Thumb Code     2  startup_tm4c129.o(.text)
    SVC_Handler                              0x0000031b   Thumb Code     2  startup_tm4c129.o(.text)
    DebugMon_Handler                         0x0000031d   Thumb Code     2  startup_tm4c129.o(.text)
    PendSV_Handler                           0x0000031f   Thumb Code     2  startup_tm4c129.o(.text)
    GPIOA_Handler                            0x00000323   Thumb Code     2  startup_tm4c129.o(.text)
    GPIOB_Handler                            0x00000325   Thumb Code     2  startup_tm4c129.o(.text)
    GPIOC_Handler                            0x00000327   Thumb Code     2  startup_tm4c129.o(.text)
    GPIOD_Handler                            0x00000329   Thumb Code     2  startup_tm4c129.o(.text)
    GPIOE_Handler                            0x0000032b   Thumb Code     2  startup_tm4c129.o(.text)
    UART1_Handler                            0x0000032f   Thumb Code     2  startup_tm4c129.o(.text)
    SSI0_Handler                             0x00000331   Thumb Code     2  startup_tm4c129.o(.text)
    I2C0_Handler                             0x00000333   Thumb Code     2  startup_tm4c129.o(.text)
    PMW0_FAULT_Handler                       0x00000335   Thumb Code     2  startup_tm4c129.o(.text)
    PWM0_0_Handler                           0x00000337   Thumb Code     2  startup_tm4c129.o(.text)
    PWM0_1_Handler                           0x00000339   Thumb Code     2  startup_tm4c129.o(.text)
    PWM0_2_Handler                           0x0000033b   Thumb Code     2  startup_tm4c129.o(.text)
    QEI0_Handler                             0x0000033d   Thumb Code     2  startup_tm4c129.o(.text)
    ADC0SS0_Handler                          0x0000033f   Thumb Code     2  startup_tm4c129.o(.text)
    ADC0SS1_Handler                          0x00000341   Thumb Code     2  startup_tm4c129.o(.text)
    ADC0SS2_Handler                          0x00000343   Thumb Code     2  startup_tm4c129.o(.text)
    ADC0SS3_Handler                          0x00000345   Thumb Code     2  startup_tm4c129.o(.text)
    WDT0_Handler                             0x00000347   Thumb Code     2  startup_tm4c129.o(.text)
    TIMER0A_Handler                          0x00000349   Thumb Code     2  startup_tm4c129.o(.text)
    TIMER0B_Handler                          0x0000034b   Thumb Code     2  startup_tm4c129.o(.text)
    TIMER1A_Handler                          0x0000034d   Thumb Code     2  startup_tm4c129.o(.text)
    TIMER1B_Handler                          0x0000034f   Thumb Code     2  startup_tm4c129.o(.text)
    TIMER2A_Handler                          0x00000351   Thumb Code     2  startup_tm4c129.o(.text)
    TIMER2B_Handler                          0x00000353   Thumb Code     2  startup_tm4c129.o(.text)
    COMP0_Handler                            0x00000355   Thumb Code     2  startup_tm4c129.o(.text)
    COMP1_Handler                            0x00000357   Thumb Code     2  startup_tm4c129.o(.text)
    COMP2_Handler                            0x00000359   Thumb Code     2  startup_tm4c129.o(.text)
    SYSCTL_Handler                           0x0000035b   Thumb Code     2  startup_tm4c129.o(.text)
    FLASH_Handler                            0x0000035d   Thumb Code     2  startup_tm4c129.o(.text)
    GPIOF_Handler                            0x0000035f   Thumb Code     2  startup_tm4c129.o(.text)
    GPIOG_Handler                            0x00000361   Thumb Code     2  startup_tm4c129.o(.text)
    GPIOH_Handler                            0x00000363   Thumb Code     2  startup_tm4c129.o(.text)
    UART2_Handler                            0x00000365   Thumb Code     2  startup_tm4c129.o(.text)
    SSI1_Handler                             0x00000367   Thumb Code     2  startup_tm4c129.o(.text)
    TIMER3A_Handler                          0x00000369   Thumb Code     2  startup_tm4c129.o(.text)
    TIMER3B_Handler                          0x0000036b   Thumb Code     2  startup_tm4c129.o(.text)
    I2C1_Handler                             0x0000036d   Thumb Code     2  startup_tm4c129.o(.text)
    CAN0_Handler                             0x0000036f   Thumb Code     2  startup_tm4c129.o(.text)
    CAN1_Handler                             0x00000371   Thumb Code     2  startup_tm4c129.o(.text)
    ETH_Handler                              0x00000373   Thumb Code     2  startup_tm4c129.o(.text)
    HIB_Handler                              0x00000375   Thumb Code     2  startup_tm4c129.o(.text)
    USB0_Handler                             0x00000377   Thumb Code     2  startup_tm4c129.o(.text)
    PWM0_3_Handler                           0x00000379   Thumb Code     2  startup_tm4c129.o(.text)
    UDMA_Handler                             0x0000037b   Thumb Code     2  startup_tm4c129.o(.text)
    UDMAERR_Handler                          0x0000037d   Thumb Code     2  startup_tm4c129.o(.text)
    ADC1SS0_Handler                          0x0000037f   Thumb Code     2  startup_tm4c129.o(.text)
    ADC1SS1_Handler                          0x00000381   Thumb Code     2  startup_tm4c129.o(.text)
    ADC1SS2_Handler                          0x00000383   Thumb Code     2  startup_tm4c129.o(.text)
    ADC1SS3_Handler                          0x00000385   Thumb Code     2  startup_tm4c129.o(.text)
    EBI0_Handler                             0x00000387   Thumb Code     2  startup_tm4c129.o(.text)
    GPIOJ_Handler                            0x00000389   Thumb Code     2  startup_tm4c129.o(.text)
    GPIOK_Handler                            0x0000038b   Thumb Code     2  startup_tm4c129.o(.text)
    GPIOL_Handler                            0x0000038d   Thumb Code     2  startup_tm4c129.o(.text)
    SSI2_Handler                             0x0000038f   Thumb Code     2  startup_tm4c129.o(.text)
    SSI3_Handler                             0x00000391   Thumb Code     2  startup_tm4c129.o(.text)
    UART3_Handler                            0x00000393   Thumb Code     2  startup_tm4c129.o(.text)
    UART4_Handler                            0x00000395   Thumb Code     2  startup_tm4c129.o(.text)
    UART5_Handler                            0x00000397   Thumb Code     2  startup_tm4c129.o(.text)
    UART6_Handler                            0x00000399   Thumb Code     2  startup_tm4c129.o(.text)
    UART7_Handler                            0x0000039b   Thumb Code     2  startup_tm4c129.o(.text)
    I2C2_Handler                             0x0000039d   Thumb Code     2  startup_tm4c129.o(.text)
    I2C3_Handler                             0x0000039f   Thumb Code     2  startup_tm4c129.o(.text)
    TIMER4A_Handler                          0x000003a1   Thumb Code     2  startup_tm4c129.o(.text)
    TIMER4B_Handler                          0x000003a3   Thumb Code     2  startup_tm4c129.o(.text)
    TIMER5A_Handler                          0x000003a5   Thumb Code     2  startup_tm4c129.o(.text)
    TIMER5B_Handler                          0x000003a7   Thumb Code     2  startup_tm4c129.o(.text)
    WTIMER0A_Handler                         0x000003a9   Thumb Code     2  startup_tm4c129.o(.text)
    WTIMER0B_Handler                         0x000003ab   Thumb Code     2  startup_tm4c129.o(.text)
    WTIMER1A_Handler                         0x000003ad   Thumb Code     2  startup_tm4c129.o(.text)
    WTIMER1B_Handler                         0x000003af   Thumb Code     2  startup_tm4c129.o(.text)
    WTIMER2A_Handler                         0x000003b1   Thumb Code     2  startup_tm4c129.o(.text)
    WTIMER2B_Handler                         0x000003b3   Thumb Code     2  startup_tm4c129.o(.text)
    WTIMER3A_Handler                         0x000003b5   Thumb Code     2  startup_tm4c129.o(.text)
    WTIMER3B_Handler                         0x000003b7   Thumb Code     2  startup_tm4c129.o(.text)
    WTIMER4A_Handler                         0x000003b9   Thumb Code     2  startup_tm4c129.o(.text)
    WTIMER4B_Handler                         0x000003bb   Thumb Code     2  startup_tm4c129.o(.text)
    WTIMER5A_Handler                         0x000003bd   Thumb Code     2  startup_tm4c129.o(.text)
    WTIMER5B_Handler                         0x000003bf   Thumb Code     2  startup_tm4c129.o(.text)
    FPU_Handler                              0x000003c1   Thumb Code     2  startup_tm4c129.o(.text)
    I2C4_Handler                             0x000003c3   Thumb Code     2  startup_tm4c129.o(.text)
    I2C5_Handler                             0x000003c5   Thumb Code     2  startup_tm4c129.o(.text)
    GPIOM_Handler                            0x000003c7   Thumb Code     2  startup_tm4c129.o(.text)
    GPION_Handler                            0x000003c9   Thumb Code     2  startup_tm4c129.o(.text)
    TAMPER_Handler                           0x000003cb   Thumb Code     2  startup_tm4c129.o(.text)
    GPIOP0_Handler                           0x000003cd   Thumb Code     2  startup_tm4c129.o(.text)
    GPIOP1_Handler                           0x000003cf   Thumb Code     2  startup_tm4c129.o(.text)
    GPIOP2_Handler                           0x000003d1   Thumb Code     2  startup_tm4c129.o(.text)
    GPIOP3_Handler                           0x000003d3   Thumb Code     2  startup_tm4c129.o(.text)
    GPIOP4_Handler                           0x000003d5   Thumb Code     2  startup_tm4c129.o(.text)
    GPIOP5_Handler                           0x000003d7   Thumb Code     2  startup_tm4c129.o(.text)
    GPIOP6_Handler                           0x000003d9   Thumb Code     2  startup_tm4c129.o(.text)
    GPIOP7_Handler                           0x000003db   Thumb Code     2  startup_tm4c129.o(.text)
    GPIOQ0_Handler                           0x000003dd   Thumb Code     2  startup_tm4c129.o(.text)
    GPIOQ1_Handler                           0x000003df   Thumb Code     2  startup_tm4c129.o(.text)
    GPIOQ2_Handler                           0x000003e1   Thumb Code     2  startup_tm4c129.o(.text)
    GPIOQ3_Handler                           0x000003e3   Thumb Code     2  startup_tm4c129.o(.text)
    GPIOQ4_Handler                           0x000003e5   Thumb Code     2  startup_tm4c129.o(.text)
    GPIOQ5_Handler                           0x000003e7   Thumb Code     2  startup_tm4c129.o(.text)
    GPIOQ6_Handler                           0x000003e9   Thumb Code     2  startup_tm4c129.o(.text)
    GPIOQ7_Handler                           0x000003eb   Thumb Code     2  startup_tm4c129.o(.text)
    GPIOR_Handler                            0x000003ed   Thumb Code     2  startup_tm4c129.o(.text)
    GPIOS_Handler                            0x000003ef   Thumb Code     2  startup_tm4c129.o(.text)
    SHAMD5_Handler                           0x000003f1   Thumb Code     2  startup_tm4c129.o(.text)
    AES_Handler                              0x000003f3   Thumb Code     2  startup_tm4c129.o(.text)
    DES3DES_Handler                          0x000003f5   Thumb Code     2  startup_tm4c129.o(.text)
    LCDCONTROLLER_Handler                    0x000003f7   Thumb Code     2  startup_tm4c129.o(.text)
    TIMER6A_Handler                          0x000003f9   Thumb Code     2  startup_tm4c129.o(.text)
    TIMER6B_Handler                          0x000003fb   Thumb Code     2  startup_tm4c129.o(.text)
    TIMER7A_Handler                          0x000003fd   Thumb Code     2  startup_tm4c129.o(.text)
    TIMER7B_Handler                          0x000003ff   Thumb Code     2  startup_tm4c129.o(.text)
    I2C6_Handler                             0x00000401   Thumb Code     2  startup_tm4c129.o(.text)
    I2C7_Handler                             0x00000403   Thumb Code     2  startup_tm4c129.o(.text)
    HIMSCANKEYBOARD_Handler                  0x00000405   Thumb Code     2  startup_tm4c129.o(.text)
    ONEWIRE_Handler                          0x00000407   Thumb Code     2  startup_tm4c129.o(.text)
    HIMPS2_Handler                           0x00000409   Thumb Code     2  startup_tm4c129.o(.text)
    HIMLEDSEQUENCER_Handler                  0x0000040b   Thumb Code     2  startup_tm4c129.o(.text)
    HIMCONSUMERIR_Handler                    0x0000040d   Thumb Code     2  startup_tm4c129.o(.text)
    I2C8_Handler                             0x0000040f   Thumb Code     2  startup_tm4c129.o(.text)
    I2C9_Handler                             0x00000411   Thumb Code     2  startup_tm4c129.o(.text)
    GPIOT_Handler                            0x00000413   Thumb Code     2  startup_tm4c129.o(.text)
    __user_initial_stackheap                 0x00000415   Thumb Code     0  startup_tm4c129.o(.text)
    __aeabi_uldivmod                         0x00000435   Thumb Code     0  lludivv7m.o(.text)
    _ll_udiv                                 0x00000435   Thumb Code   238  lludivv7m.o(.text)
    __aeabi_memclr4                          0x00000523   Thumb Code     0  rt_memclr_w.o(.text)
    __aeabi_memclr8                          0x00000523   Thumb Code     0  rt_memclr_w.o(.text)
    __rt_memclr_w                            0x00000523   Thumb Code    78  rt_memclr_w.o(.text)
    _memset_w                                0x00000527   Thumb Code     0  rt_memclr_w.o(.text)
    __use_two_region_memory                  0x00000571   Thumb Code     2  heapauxi.o(.text)
    __rt_heap_escrow$2region                 0x00000573   Thumb Code     2  heapauxi.o(.text)
    __rt_heap_expand$2region                 0x00000575   Thumb Code     2  heapauxi.o(.text)
    __user_setup_stackheap                   0x00000577   Thumb Code    74  sys_stackheap_outer.o(.text)
    exit                                     0x000005c1   Thumb Code    18  exit.o(.text)
    __user_libspace                          0x000005d5   Thumb Code     8  libspace.o(.text)
    __user_perproc_libspace                  0x000005d5   Thumb Code     0  libspace.o(.text)
    __user_perthread_libspace                0x000005d5   Thumb Code     0  libspace.o(.text)
    _sys_exit                                0x000005dd   Thumb Code     8  sys_exit.o(.text)
    __I$use$semihosting                      0x000005e9   Thumb Code     0  use_no_semi.o(.text)
    __use_no_semihosting_swi                 0x000005e9   Thumb Code     2  use_no_semi.o(.text)
    Delay                                    0x000005eb   Thumb Code    12  exp000.o(i.Delay)
    __semihosting_library_function           0x000005eb   Thumb Code     0  indicate_semi.o(.text)
    GPIODirModeSet                           0x000005f7   Thumb Code    40  gpio.o(i.GPIODirModeSet)
    GPIOPadConfigSet                         0x0000061f   Thumb Code   312  gpio.o(i.GPIOPadConfigSet)
    GPIOPinConfigure                         0x00000759   Thumb Code    60  gpio.o(i.GPIOPinConfigure)
    GPIOPinRead                              0x0000079d   Thumb Code     6  gpio.o(i.GPIOPinRead)
    GPIOPinTypeGPIOInput                     0x000007a3   Thumb Code    28  gpio.o(i.GPIOPinTypeGPIOInput)
    GPIOPinTypeGPIOOutput                    0x000007bf   Thumb Code    28  gpio.o(i.GPIOPinTypeGPIOOutput)
    GPIOPinTypeI2C                           0x000007db   Thumb Code    28  gpio.o(i.GPIOPinTypeI2C)
    GPIOPinTypeI2CSCL                        0x000007f7   Thumb Code    28  gpio.o(i.GPIOPinTypeI2CSCL)
    GPIOPinTypePWM                           0x00000813   Thumb Code    28  gpio.o(i.GPIOPinTypePWM)
    GPIOPinTypeUART                          0x0000082f   Thumb Code    28  gpio.o(i.GPIOPinTypeUART)
    GPIOPinWrite                             0x0000084b   Thumb Code     6  gpio.o(i.GPIOPinWrite)
    I2C0_ReadByte                            0x00000851   Thumb Code   122  exp000.o(i.I2C0_ReadByte)
    I2C0_WriteByte                           0x000008d1   Thumb Code   110  exp000.o(i.I2C0_WriteByte)
    I2CMasterBusBusy                         0x00000945   Thumb Code    12  i2c.o(i.I2CMasterBusBusy)
    I2CMasterBusy                            0x00000951   Thumb Code    12  i2c.o(i.I2CMasterBusy)
    I2CMasterControl                         0x0000095d   Thumb Code     4  i2c.o(i.I2CMasterControl)
    I2CMasterDataGet                         0x00000961   Thumb Code     4  i2c.o(i.I2CMasterDataGet)
    I2CMasterDataPut                         0x00000965   Thumb Code     4  i2c.o(i.I2CMasterDataPut)
    I2CMasterEnable                          0x00000969   Thumb Code    10  i2c.o(i.I2CMasterEnable)
    I2CMasterErr                             0x00000973   Thumb Code    24  i2c.o(i.I2CMasterErr)
    I2CMasterInitExpClk                      0x0000098d   Thumb Code    72  i2c.o(i.I2CMasterInitExpClk)
    I2CMasterSlaveAddrSet                    0x000009e1   Thumb Code     8  i2c.o(i.I2CMasterSlaveAddrSet)
    IntEnable                                0x000009e9   Thumb Code    92  interrupt.o(i.IntEnable)
    IntMasterEnable                          0x00000a4d   Thumb Code    14  interrupt.o(i.IntMasterEnable)
    PWMClockSet                              0x00000a5b   Thumb Code    20  pwm.o(i.PWMClockSet)
    PWMGenConfigure                          0x00000a6f   Thumb Code    38  pwm.o(i.PWMGenConfigure)
    PWMGenDisable                            0x00000a95   Thumb Code    10  pwm.o(i.PWMGenDisable)
    PWMGenEnable                             0x00000a9f   Thumb Code    10  pwm.o(i.PWMGenEnable)
    PWMGenPeriodSet                          0x00000aa9   Thumb Code    18  pwm.o(i.PWMGenPeriodSet)
    PWMOutputState                           0x00000abb   Thumb Code    16  pwm.o(i.PWMOutputState)
    PWMPulseWidthSet                         0x00000acb   Thumb Code    32  pwm.o(i.PWMPulseWidthSet)
    S800_CLOCK_Init                          0x00000aed   Thumb Code    16  exp000.o(i.S800_CLOCK_Init)
    S800_GPIO_Init                           0x00000b09   Thumb Code   158  exp000.o(i.S800_GPIO_Init)
    S800_I2C0_Init                           0x00000bc1   Thumb Code   122  exp000.o(i.S800_I2C0_Init)
    S800_PWM_Init                            0x00000c59   Thumb Code    96  exp000.o(i.S800_PWM_Init)
    S800_SysTick_Init                        0x00000cc1   Thumb Code    30  exp000.o(i.S800_SysTick_Init)
    S800_UART_Init                           0x00000ce5   Thumb Code    84  exp000.o(i.S800_UART_Init)
    SysCtlClockFreqSet                       0x00000d55   Thumb Code   706  sysctl.o(i.SysCtlClockFreqSet)
    SysCtlPeripheralEnable                   0x00001041   Thumb Code    36  sysctl.o(i.SysCtlPeripheralEnable)
    SysCtlPeripheralReady                    0x00001069   Thumb Code    40  sysctl.o(i.SysCtlPeripheralReady)
    SysTickEnable                            0x00001095   Thumb Code    14  systick.o(i.SysTickEnable)
    SysTickIntEnable                         0x000010a3   Thumb Code    14  systick.o(i.SysTickIntEnable)
    SysTickPeriodSet                         0x000010b1   Thumb Code    10  systick.o(i.SysTickPeriodSet)
    SysTick_Handler                          0x000010bd   Thumb Code   272  exp000.o(i.SysTick_Handler)
    SystemInit                               0x00001215   Thumb Code    20  system_tm4c129.o(i.SystemInit)
    UART0_Handler                            0x00001235   Thumb Code    64  exp000.o(i.UART0_Handler)
    UARTCharGetNonBlocking                   0x00001281   Thumb Code    16  uart.o(i.UARTCharGetNonBlocking)
    UARTCharPut                              0x00001291   Thumb Code    12  uart.o(i.UARTCharPut)
    UARTCharsAvail                           0x0000129d   Thumb Code    10  uart.o(i.UARTCharsAvail)
    UARTConfigSetExpClk                      0x000012a7   Thumb Code   110  uart.o(i.UARTConfigSetExpClk)
    UARTFIFOLevelSet                         0x00001315   Thumb Code     6  uart.o(i.UARTFIFOLevelSet)
    UARTIntClear                             0x0000131b   Thumb Code     4  uart.o(i.UARTIntClear)
    UARTIntEnable                            0x0000131f   Thumb Code     8  uart.o(i.UARTIntEnable)
    UARTIntStatus                            0x00001327   Thumb Code    10  uart.o(i.UARTIntStatus)
    UARTStringPut                            0x00001331   Thumb Code    24  exp000.o(i.UARTStringPut)
    alarmclock                               0x0000134d   Thumb Code   230  exp000.o(i.alarmclock)
    daojishi                                 0x00001471   Thumb Code   654  exp000.o(i.daojishi)
    date_module                              0x00001741   Thumb Code   262  exp000.o(i.date_module)
    jieqi                                    0x00001875   Thumb Code   118  exp000.o(i.jieqi)
    main                                     0x00001909   Thumb Code  2410  exp000.o(i.main)
    recorrect                                0x00002289   Thumb Code   110  exp000.o(i.recorrect)
    reset                                    0x00002301   Thumb Code   240  exp000.o(i.reset)
    setalarm                                 0x000024a1   Thumb Code   596  exp000.o(i.setalarm)
    setdate                                  0x0000272d   Thumb Code   548  exp000.o(i.setdate)
    settime                                  0x00002985   Thumb Code   570  exp000.o(i.settime)
    showchazhi                               0x00002bf5   Thumb Code   380  exp000.o(i.showchazhi)
    time_module                              0x00002d81   Thumb Code   408  exp000.o(i.time_module)
    _fp_init                                 0x00002f51   Thumb Code    10  fpinit.o(x$fpl$fpinit)
    __fplib_config_fpu_vfp                   0x00002f59   Thumb Code     0  fpinit.o(x$fpl$fpinit)
    __fplib_config_pureend_doubles           0x00002f59   Thumb Code     0  fpinit.o(x$fpl$fpinit)
    Region$$Table$$Base                      0x000034e4   Number         0  anon$$obj.o(Region$$Table)
    Region$$Table$$Limit                     0x00003504   Number         0  anon$$obj.o(Region$$Table)
    ui32SysClock                             0x20000000   Data           4  exp000.o(.data)
    result                                   0x20000004   Data           1  exp000.o(.data)
    gpio_status                              0x20000005   Data           1  exp000.o(.data)
    Time                                     0x20000008   Data          32  exp000.o(.data)
    alarm_min                                0x20000028   Data          12  exp000.o(.data)
    now                                      0x20000038   Data           8  exp000.o(.data)
    datenow                                  0x20000040   Data           8  exp000.o(.data)
    i_t                                      0x20000048   Data           4  exp000.o(.data)
    i_d                                      0x2000004c   Data           4  exp000.o(.data)
    i                                        0x20000050   Data           4  exp000.o(.data)
    xindex                                   0x20000054   Data           4  exp000.o(.data)
    yindex                                   0x20000058   Data           4  exp000.o(.data)
    xindex_step                              0x2000005c   Data           4  exp000.o(.data)
    yindex_step                              0x20000060   Data           4  exp000.o(.data)
    flag_timehour                            0x20000064   Data           1  exp000.o(.data)
    flag_pm                                  0x20000065   Data           1  exp000.o(.data)
    timeup_index1                            0x20000066   Data           1  exp000.o(.data)
    timeup_index2                            0x20000067   Data           1  exp000.o(.data)
    alarm_flag                               0x20000068   Data           2  exp000.o(.data)
    sleep_mode                               0x2000006a   Data           1  exp000.o(.data)
    press_pj1                                0x2000006b   Data           1  exp000.o(.data)
    press_pj0                                0x2000006c   Data           1  exp000.o(.data)
    press_flag                               0x2000006d   Data           1  exp000.o(.data)
    index_module                             0x2000006e   Data           2  exp000.o(.data)
    studentflag                              0x20000070   Data           1  exp000.o(.data)
    remember_flag                            0x20000071   Data           1  exp000.o(.data)
    backflag                                 0x20000072   Data           1  exp000.o(.data)
    timecompare                              0x20000073   Data           1  exp000.o(.data)
    timeseted_flag                           0x20000074   Data           1  exp000.o(.data)
    dateseted_flag                           0x20000075   Data           1  exp000.o(.data)
    alarmseted_flag                          0x20000076   Data           1  exp000.o(.data)
    set_flagtime                             0x20000078   Data           2  exp000.o(.data)
    set_flagdate                             0x2000007a   Data           2  exp000.o(.data)
    set_flagalarm                            0x2000007c   Data           2  exp000.o(.data)
    Flash_f                                  0x2000007e   Data           1  exp000.o(.data)
    temp_k                                   0x2000007f   Data           1  exp000.o(.data)
    presshistory_sw                          0x20000080   Data           1  exp000.o(.data)
    RxEndFlag                                0x20000084   Data           4  exp000.o(.data)
    flash_counter                            0x20000088   Data           1  exp000.o(.data)
    num_t                                    0x20000089   Data           1  exp000.o(.data)
    num_d                                    0x2000008a   Data           1  exp000.o(.data)
    num_a                                    0x2000008b   Data           1  exp000.o(.data)
    k                                        0x2000008c   Data           4  exp000.o(.data)
    temp_k_dj                                0x20000090   Data           4  exp000.o(.data)
    dj_10                                    0x20000094   Data           4  exp000.o(.data)
    set_flagdj                               0x20000098   Data           4  exp000.o(.data)
    ld_max                                   0x2000009c   Data           4  exp000.o(.data)
    ld_index                                 0x200000a0   Data           4  exp000.o(.data)
    djseted_flag                             0x200000a4   Data           4  exp000.o(.data)
    index_flash                              0x200000a8   Data           1  exp000.o(.data)
    clock                                    0x200000aa   Data           4  exp000.o(.data)
    Datetable                                0x200000ae   Data          26  exp000.o(.data)
    flash                                    0x200000c8   Data          36  exp000.o(.data)
    seg7                                     0x200000ec   Data          17  exp000.o(.data)
    stepctl                                  0x200000fe   Data           8  exp000.o(.data)
    studentnum                               0x20000108   Data           4  exp000.o(.data)
    FLASH                                    0x2000010c   Data           2  exp000.o(.data)
    Time_dj                                  0x20000110   Data          28  exp000.o(.data)
    backcounter                              0x2000012c   Data           1  exp000.o(.data)
    counter                                  0x2000012d   Data           1  exp000.o(.data)
    FINISH                                   0x2000012e   Data          10  exp000.o(.data)
    INVALID                                  0x20000138   Data          15  exp000.o(.data)
    PF                                       0x20000147   Data           1  exp000.o(.data)
    PF0                                      0x20000148   Data           1  exp000.o(.data)
    PF1                                      0x20000149   Data           1  exp000.o(.data)
    PF2                                      0x2000014a   Data           1  exp000.o(.data)
    PF3                                      0x2000014b   Data           1  exp000.o(.data)
    mm                                       0x2000014c   Data           2  exp000.o(.data)
    dd                                       0x2000014e   Data           2  exp000.o(.data)
    hh                                       0x20000150   Data           2  exp000.o(.data)
    min                                      0x20000152   Data           2  exp000.o(.data)
    motorangle                               0x20000154   Data           2  exp000.o(.data)
    index_jieqi                              0x20000156   Data           1  exp000.o(.data)
    dj_index                                 0x20000157   Data           1  exp000.o(.data)
    pj0index                                 0x20000158   Data           1  exp000.o(.data)
    seg_jieqi                                0x20000159   Data           3  exp000.o(.data)
    systick_5ms_counter                      0x2000015c   Data           2  exp000.o(.data)
    systick_10ms_counter                     0x2000015e   Data           2  exp000.o(.data)
    systick_150ms_counter                    0x20000160   Data           2  exp000.o(.data)
    systick_1s_counter                       0x20000162   Data           2  exp000.o(.data)
    systick_25ms_counter                     0x20000164   Data           2  exp000.o(.data)
    systick_40ms_counter                     0x20000166   Data           2  exp000.o(.data)
    systick_250ms_counter                    0x20000168   Data           2  exp000.o(.data)
    systick_1ms_counter                      0x2000016a   Data           2  exp000.o(.data)
    systick_80ms_counter                     0x2000016c   Data           2  exp000.o(.data)
    systick_5ms_status                       0x2000016e   Data           1  exp000.o(.data)
    systick_10ms_status                      0x2000016f   Data           1  exp000.o(.data)
    systick_150ms_status                     0x20000170   Data           1  exp000.o(.data)
    systick_1s_status                        0x20000171   Data           1  exp000.o(.data)
    systick_25ms_status                      0x20000172   Data           1  exp000.o(.data)
    systick_40ms_status                      0x20000173   Data           1  exp000.o(.data)
    systick_250ms_status                     0x20000174   Data           1  exp000.o(.data)
    systick_1ms_status                       0x20000175   Data           1  exp000.o(.data)
    systick_80ms_status                      0x20000176   Data           1  exp000.o(.data)
    SystemCoreClock                          0x20000178   Data           4  system_tm4c129.o(.data)
    alarm_hour                               0x2000017c   Data          12  exp000.o(.bss)
    pui32Data                                0x20000188   Data          32  exp000.o(.bss)
    press_sw                                 0x200001a8   Data           9  exp000.o(.bss)
    Temp                                     0x200001b4   Data          32  exp000.o(.bss)
    RxBuf                                    0x200001d4   Data         256  exp000.o(.bss)
    SerialOutput                             0x200002d4   Data         256  exp000.o(.bss)
    __libspace_start                         0x200003d4   Data          96  libspace.o(.bss)
    __temporary_stack_top$libspace           0x20000434   Data           0  libspace.o(.bss)



==============================================================================

Memory Map of the image

  Image Entry point : 0x00000201

  Load Region LR_IROM1 (Base: 0x00000000, Size: 0x00003680, Max: 0x00100000, ABSOLUTE, COMPRESSED[0x00003580])

    Execution Region ER_IROM1 (Base: 0x00000000, Size: 0x00003504, Max: 0x00100000, ABSOLUTE)

    Base Addr    Size         Type   Attr      Idx    E Section Name        Object

    0x00000000   0x00000200   Data   RO          207    RESET               startup_tm4c129.o
    0x00000200   0x00000008   Code   RO         2006  * !!!main             c_w.l(__main.o)
    0x00000208   0x00000034   Code   RO         2175    !!!scatter          c_w.l(__scatter.o)
    0x0000023c   0x0000005a   Code   RO         2173    !!dczerorl2         c_w.l(__dczerorl2.o)
    0x00000296   0x00000002   PAD
    0x00000298   0x0000001c   Code   RO         2177    !!handler_zi        c_w.l(__scatter_zi.o)
    0x000002b4   0x00000002   Code   RO         2043    .ARM.Collect$$libinit$$00000000  c_w.l(libinit.o)
    0x000002b6   0x00000004   Code   RO         2055    .ARM.Collect$$libinit$$00000001  c_w.l(libinit2.o)
    0x000002ba   0x00000000   Code   RO         2058    .ARM.Collect$$libinit$$00000004  c_w.l(libinit2.o)
    0x000002ba   0x00000000   Code   RO         2061    .ARM.Collect$$libinit$$0000000A  c_w.l(libinit2.o)
    0x000002ba   0x00000000   Code   RO         2063    .ARM.Collect$$libinit$$0000000C  c_w.l(libinit2.o)
    0x000002ba   0x00000000   Code   RO         2065    .ARM.Collect$$libinit$$0000000E  c_w.l(libinit2.o)
    0x000002ba   0x00000000   Code   RO         2068    .ARM.Collect$$libinit$$00000011  c_w.l(libinit2.o)
    0x000002ba   0x00000000   Code   RO         2070    .ARM.Collect$$libinit$$00000013  c_w.l(libinit2.o)
    0x000002ba   0x00000000   Code   RO         2072    .ARM.Collect$$libinit$$00000015  c_w.l(libinit2.o)
    0x000002ba   0x00000000   Code   RO         2074    .ARM.Collect$$libinit$$00000017  c_w.l(libinit2.o)
    0x000002ba   0x00000000   Code   RO         2076    .ARM.Collect$$libinit$$00000019  c_w.l(libinit2.o)
    0x000002ba   0x00000000   Code   RO         2078    .ARM.Collect$$libinit$$0000001B  c_w.l(libinit2.o)
    0x000002ba   0x00000000   Code   RO         2080    .ARM.Collect$$libinit$$0000001D  c_w.l(libinit2.o)
    0x000002ba   0x00000000   Code   RO         2082    .ARM.Collect$$libinit$$0000001F  c_w.l(libinit2.o)
    0x000002ba   0x00000000   Code   RO         2084    .ARM.Collect$$libinit$$00000021  c_w.l(libinit2.o)
    0x000002ba   0x00000000   Code   RO         2086    .ARM.Collect$$libinit$$00000023  c_w.l(libinit2.o)
    0x000002ba   0x00000000   Code   RO         2088    .ARM.Collect$$libinit$$00000025  c_w.l(libinit2.o)
    0x000002ba   0x00000000   Code   RO         2092    .ARM.Collect$$libinit$$0000002C  c_w.l(libinit2.o)
    0x000002ba   0x00000000   Code   RO         2094    .ARM.Collect$$libinit$$0000002E  c_w.l(libinit2.o)
    0x000002ba   0x00000000   Code   RO         2096    .ARM.Collect$$libinit$$00000030  c_w.l(libinit2.o)
    0x000002ba   0x00000000   Code   RO         2098    .ARM.Collect$$libinit$$00000032  c_w.l(libinit2.o)
    0x000002ba   0x00000002   Code   RO         2099    .ARM.Collect$$libinit$$00000033  c_w.l(libinit2.o)
    0x000002bc   0x00000002   Code   RO         2130    .ARM.Collect$$libshutdown$$00000000  c_w.l(libshutdown.o)
    0x000002be   0x00000000   Code   RO         2156    .ARM.Collect$$libshutdown$$00000002  c_w.l(libshutdown2.o)
    0x000002be   0x00000000   Code   RO         2158    .ARM.Collect$$libshutdown$$00000004  c_w.l(libshutdown2.o)
    0x000002be   0x00000000   Code   RO         2161    .ARM.Collect$$libshutdown$$00000007  c_w.l(libshutdown2.o)
    0x000002be   0x00000000   Code   RO         2164    .ARM.Collect$$libshutdown$$0000000A  c_w.l(libshutdown2.o)
    0x000002be   0x00000000   Code   RO         2166    .ARM.Collect$$libshutdown$$0000000C  c_w.l(libshutdown2.o)
    0x000002be   0x00000000   Code   RO         2169    .ARM.Collect$$libshutdown$$0000000F  c_w.l(libshutdown2.o)
    0x000002be   0x00000002   Code   RO         2170    .ARM.Collect$$libshutdown$$00000010  c_w.l(libshutdown2.o)
    0x000002c0   0x00000000   Code   RO         2008    .ARM.Collect$$rtentry$$00000000  c_w.l(__rtentry.o)
    0x000002c0   0x00000000   Code   RO         2014    .ARM.Collect$$rtentry$$00000002  c_w.l(__rtentry2.o)
    0x000002c0   0x00000006   Code   RO         2026    .ARM.Collect$$rtentry$$00000004  c_w.l(__rtentry4.o)
    0x000002c6   0x00000000   Code   RO         2016    .ARM.Collect$$rtentry$$00000009  c_w.l(__rtentry2.o)
    0x000002c6   0x00000004   Code   RO         2017    .ARM.Collect$$rtentry$$0000000A  c_w.l(__rtentry2.o)
    0x000002ca   0x00000000   Code   RO         2019    .ARM.Collect$$rtentry$$0000000C  c_w.l(__rtentry2.o)
    0x000002ca   0x00000008   Code   RO         2020    .ARM.Collect$$rtentry$$0000000D  c_w.l(__rtentry2.o)
    0x000002d2   0x00000002   Code   RO         2047    .ARM.Collect$$rtexit$$00000000  c_w.l(rtexit.o)
    0x000002d4   0x00000000   Code   RO         2103    .ARM.Collect$$rtexit$$00000002  c_w.l(rtexit2.o)
    0x000002d4   0x00000004   Code   RO         2104    .ARM.Collect$$rtexit$$00000003  c_w.l(rtexit2.o)
    0x000002d8   0x00000006   Code   RO         2105    .ARM.Collect$$rtexit$$00000004  c_w.l(rtexit2.o)
    0x000002de   0x00000002   PAD
    0x000002e0   0x00000026   Code   RO         1988    .emb_text           driverlib.lib(cpu.o)
    0x00000306   0x00000002   PAD
    0x00000308   0x0000012c   Code   RO          208    .text               startup_tm4c129.o
    0x00000434   0x000000ee   Code   RO         2000    .text               c_w.l(lludivv7m.o)
    0x00000522   0x0000004e   Code   RO         2002    .text               c_w.l(rt_memclr_w.o)
    0x00000570   0x00000006   Code   RO         2004    .text               c_w.l(heapauxi.o)
    0x00000576   0x0000004a   Code   RO         2030    .text               c_w.l(sys_stackheap_outer.o)
    0x000005c0   0x00000012   Code   RO         2032    .text               c_w.l(exit.o)
    0x000005d2   0x00000002   PAD
    0x000005d4   0x00000008   Code   RO         2044    .text               c_w.l(libspace.o)
    0x000005dc   0x0000000c   Code   RO         2100    .text               c_w.l(sys_exit.o)
    0x000005e8   0x00000002   Code   RO         2119    .text               c_w.l(use_no_semi.o)
    0x000005ea   0x00000000   Code   RO         2121    .text               c_w.l(indicate_semi.o)
    0x000005ea   0x0000000c   Code   RO            1    i.Delay             exp000.o
    0x000005f6   0x00000028   Code   RO          270    i.GPIODirModeSet    driverlib.lib(gpio.o)
    0x0000061e   0x00000138   Code   RO          282    i.GPIOPadConfigSet  driverlib.lib(gpio.o)
    0x00000756   0x00000002   PAD
    0x00000758   0x00000044   Code   RO          283    i.GPIOPinConfigure  driverlib.lib(gpio.o)
    0x0000079c   0x00000006   Code   RO          284    i.GPIOPinRead       driverlib.lib(gpio.o)
    0x000007a2   0x0000001c   Code   RO          293    i.GPIOPinTypeGPIOInput  driverlib.lib(gpio.o)
    0x000007be   0x0000001c   Code   RO          294    i.GPIOPinTypeGPIOOutput  driverlib.lib(gpio.o)
    0x000007da   0x0000001c   Code   RO          297    i.GPIOPinTypeI2C    driverlib.lib(gpio.o)
    0x000007f6   0x0000001c   Code   RO          298    i.GPIOPinTypeI2CSCL  driverlib.lib(gpio.o)
    0x00000812   0x0000001c   Code   RO          301    i.GPIOPinTypePWM    driverlib.lib(gpio.o)
    0x0000082e   0x0000001c   Code   RO          306    i.GPIOPinTypeUART   driverlib.lib(gpio.o)
    0x0000084a   0x00000006   Code   RO          312    i.GPIOPinWrite      driverlib.lib(gpio.o)
    0x00000850   0x00000080   Code   RO            2    i.I2C0_ReadByte     exp000.o
    0x000008d0   0x00000074   Code   RO            3    i.I2C0_WriteByte    exp000.o
    0x00000944   0x0000000c   Code   RO          606    i.I2CMasterBusBusy  driverlib.lib(i2c.o)
    0x00000950   0x0000000c   Code   RO          607    i.I2CMasterBusy     driverlib.lib(i2c.o)
    0x0000095c   0x00000004   Code   RO          608    i.I2CMasterControl  driverlib.lib(i2c.o)
    0x00000960   0x00000004   Code   RO          609    i.I2CMasterDataGet  driverlib.lib(i2c.o)
    0x00000964   0x00000004   Code   RO          610    i.I2CMasterDataPut  driverlib.lib(i2c.o)
    0x00000968   0x0000000a   Code   RO          612    i.I2CMasterEnable   driverlib.lib(i2c.o)
    0x00000972   0x00000018   Code   RO          613    i.I2CMasterErr      driverlib.lib(i2c.o)
    0x0000098a   0x00000002   PAD
    0x0000098c   0x00000054   Code   RO          615    i.I2CMasterInitExpClk  driverlib.lib(i2c.o)
    0x000009e0   0x00000008   Code   RO          625    i.I2CMasterSlaveAddrSet  driverlib.lib(i2c.o)
    0x000009e8   0x00000064   Code   RO          934    i.IntEnable         driverlib.lib(interrupt.o)
    0x00000a4c   0x0000000e   Code   RO          937    i.IntMasterEnable   driverlib.lib(interrupt.o)
    0x00000a5a   0x00000014   Code   RO         1050    i.PWMClockSet       driverlib.lib(pwm.o)
    0x00000a6e   0x00000026   Code   RO         1057    i.PWMGenConfigure   driverlib.lib(pwm.o)
    0x00000a94   0x0000000a   Code   RO         1058    i.PWMGenDisable     driverlib.lib(pwm.o)
    0x00000a9e   0x0000000a   Code   RO         1059    i.PWMGenEnable      driverlib.lib(pwm.o)
    0x00000aa8   0x00000012   Code   RO         1072    i.PWMGenPeriodSet   driverlib.lib(pwm.o)
    0x00000aba   0x00000010   Code   RO         1079    i.PWMOutputState    driverlib.lib(pwm.o)
    0x00000aca   0x00000020   Code   RO         1082    i.PWMPulseWidthSet  driverlib.lib(pwm.o)
    0x00000aea   0x00000002   PAD
    0x00000aec   0x0000001c   Code   RO            4    i.S800_CLOCK_Init   exp000.o
    0x00000b08   0x000000b8   Code   RO            5    i.S800_GPIO_Init    exp000.o
    0x00000bc0   0x00000098   Code   RO            6    i.S800_I2C0_Init    exp000.o
    0x00000c58   0x00000068   Code   RO            7    i.S800_PWM_Init     exp000.o
    0x00000cc0   0x00000024   Code   RO            8    i.S800_SysTick_Init  exp000.o
    0x00000ce4   0x00000070   Code   RO            9    i.S800_UART_Init    exp000.o
    0x00000d54   0x000002ec   Code   RO         1284    i.SysCtlClockFreqSet  driverlib.lib(sysctl.o)
    0x00001040   0x00000028   Code   RO         1316    i.SysCtlPeripheralEnable  driverlib.lib(sysctl.o)
    0x00001068   0x0000002c   Code   RO         1320    i.SysCtlPeripheralReady  driverlib.lib(sysctl.o)
    0x00001094   0x0000000e   Code   RO         1631    i.SysTickEnable     driverlib.lib(systick.o)
    0x000010a2   0x0000000e   Code   RO         1633    i.SysTickIntEnable  driverlib.lib(systick.o)
    0x000010b0   0x0000000a   Code   RO         1637    i.SysTickPeriodSet  driverlib.lib(systick.o)
    0x000010ba   0x00000002   PAD
    0x000010bc   0x00000158   Code   RO           10    i.SysTick_Handler   exp000.o
    0x00001214   0x00000020   Code   RO          217    i.SystemInit        system_tm4c129.o
    0x00001234   0x0000004c   Code   RO           11    i.UART0_Handler     exp000.o
    0x00001280   0x00000010   Code   RO         1700    i.UARTCharGetNonBlocking  driverlib.lib(uart.o)
    0x00001290   0x0000000c   Code   RO         1701    i.UARTCharPut       driverlib.lib(uart.o)
    0x0000129c   0x0000000a   Code   RO         1703    i.UARTCharsAvail    driverlib.lib(uart.o)
    0x000012a6   0x0000006e   Code   RO         1707    i.UARTConfigSetExpClk  driverlib.lib(uart.o)
    0x00001314   0x00000006   Code   RO         1717    i.UARTFIFOLevelSet  driverlib.lib(uart.o)
    0x0000131a   0x00000004   Code   RO         1720    i.UARTIntClear      driverlib.lib(uart.o)
    0x0000131e   0x00000008   Code   RO         1722    i.UARTIntEnable     driverlib.lib(uart.o)
    0x00001326   0x0000000a   Code   RO         1724    i.UARTIntStatus     driverlib.lib(uart.o)
    0x00001330   0x0000001c   Code   RO           12    i.UARTStringPut     exp000.o
    0x0000134c   0x00000124   Code   RO           13    i.alarmclock        exp000.o
    0x00001470   0x000002d0   Code   RO           14    i.daojishi          exp000.o
    0x00001740   0x00000134   Code   RO           15    i.date_module       exp000.o
    0x00001874   0x00000094   Code   RO           16    i.jieqi             exp000.o
    0x00001908   0x00000980   Code   RO           17    i.main              exp000.o
    0x00002288   0x00000078   Code   RO           18    i.recorrect         exp000.o
    0x00002300   0x000001a0   Code   RO           19    i.reset             exp000.o
    0x000024a0   0x0000028c   Code   RO           20    i.setalarm          exp000.o
    0x0000272c   0x00000258   Code   RO           21    i.setdate           exp000.o
    0x00002984   0x00000270   Code   RO           22    i.settime           exp000.o
    0x00002bf4   0x0000018c   Code   RO           23    i.showchazhi        exp000.o
    0x00002d80   0x000001d0   Code   RO           24    i.time_module       exp000.o
    0x00002f50   0x0000000a   Code   RO         2115    x$fpl$fpinit        fz_wm.l(fpinit.o)
    0x00002f5a   0x00000002   PAD
    0x00002f5c   0x00000228   Data   RO          314    .constdata          driverlib.lib(gpio.o)
    0x00003184   0x0000010c   Data   RO          950    .constdata          driverlib.lib(interrupt.o)
    0x00003290   0x00000254   Data   RO         1338    .constdata          driverlib.lib(sysctl.o)
    0x000034e4   0x00000020   Data   RO         2171    Region$$Table       anon$$obj.o


    Execution Region RW_IRAM1 (Base: 0x20000000, Size: 0x00000638, Max: 0x00040000, ABSOLUTE, COMPRESSED[0x0000007c])

    Base Addr    Size         Type   Attr      Idx    E Section Name        Object

    0x20000000   0x00000177   Data   RW           26    .data               exp000.o
    0x20000177   0x00000001   PAD
    0x20000178   0x00000004   Data   RW          218    .data               system_tm4c129.o
    0x2000017c   0x00000258   Zero   RW           25    .bss                exp000.o
    0x200003d4   0x00000060   Zero   RW         2045    .bss                c_w.l(libspace.o)
    0x20000434   0x00000004   PAD
    0x20000438   0x00000000   Zero   RW          206    HEAP                startup_tm4c129.o
    0x20000438   0x00000200   Zero   RW          205    STACK               startup_tm4c129.o


==============================================================================

Image component sizes


      Code (inc. data)   RO Data    RW Data    ZI Data      Debug   Object Name

      8492       1164          0        375        600      28281   exp000.o
       300         22        512          0        512       6100   startup_tm4c129.o
        32         12          0          4          0        871   system_tm4c129.o

    ----------------------------------------------------------------------
      8824       1198        544        380       1112      35252   Object Totals
         0          0         32          0          0          0   (incl. Generated)
         0          0          0          1          0          0   (incl. Padding)

    ----------------------------------------------------------------------

      Code (inc. data)   RO Data    RW Data    ZI Data      Debug   Library Member Name

        90          0          0          0          0          0   __dczerorl2.o
         8          0          0          0          0         68   __main.o
         0          0          0          0          0          0   __rtentry.o
        12          0          0          0          0          0   __rtentry2.o
         6          0          0          0          0          0   __rtentry4.o
        52          8          0          0          0          0   __scatter.o
        28          0          0          0          0          0   __scatter_zi.o
        18          0          0          0          0         80   exit.o
         6          0          0          0          0        152   heapauxi.o
         0          0          0          0          0          0   indicate_semi.o
         2          0          0          0          0          0   libinit.o
         6          0          0          0          0          0   libinit2.o
         2          0          0          0          0          0   libshutdown.o
         2          0          0          0          0          0   libshutdown2.o
         8          4          0          0         96         68   libspace.o
       238          0          0          0          0        100   lludivv7m.o
        78          0          0          0          0         80   rt_memclr_w.o
         2          0          0          0          0          0   rtexit.o
        10          0          0          0          0          0   rtexit2.o
        12          4          0          0          0         68   sys_exit.o
        74          0          0          0          0         80   sys_stackheap_outer.o
         2          0          0          0          0         68   use_no_semi.o
        38          0          0          0          0        560   cpu.o
       600          8        552          0          0      10983   gpio.o
       162         12          0          0          0       5710   i2c.o
       114          8        268          0          0       2038   interrupt.o
       144          0          0          0          0       3885   pwm.o
       832         50        596          0          0       5390   sysctl.o
        38          0          0          0          0       1394   systick.o
       176          0          0          0          0       5393   uart.o
        10          0          0          0          0        116   fpinit.o

    ----------------------------------------------------------------------
      2788         94       1416          0        100      36233   Library Totals
        18          0          0          0          4          0   (incl. Padding)

    ----------------------------------------------------------------------

      Code (inc. data)   RO Data    RW Data    ZI Data      Debug   Library Name

       656         16          0          0         96        764   c_w.l
      2104         78       1416          0          0      35353   driverlib.lib
        10          0          0          0          0        116   fz_wm.l

    ----------------------------------------------------------------------
      2788         94       1416          0        100      36233   Library Totals

    ----------------------------------------------------------------------

==============================================================================


      Code (inc. data)   RO Data    RW Data    ZI Data      Debug   

     11612       1292       1960        380       1212      65125   Grand Totals
     11612       1292       1960        124       1212      65125   ELF Image Totals (compressed)
     11612       1292       1960        124          0          0   ROM Totals

==============================================================================

    Total RO  Size (Code + RO Data)                13572 (  13.25kB)
    Total RW  Size (RW Data + ZI Data)              1592 (   1.55kB)
    Total ROM Size (Code + RO Data + RW Data)      13696 (  13.38kB)

==============================================================================

